Archive member included to satisfy reference by file (symbol)

c:/program files (x86)/atmel/studio/7.0/toolchain/avr8/avr8-gnu-toolchain/bin/../lib/gcc/avr/5.4.0/../../../../avr/lib/avr51\libprintf_flt.a(vfprintf_flt.o)
                              (vfprintf)
c:/program files (x86)/atmel/studio/7.0/toolchain/avr8/avr8-gnu-toolchain/bin/../lib/gcc/avr/5.4.0/../../../../avr/lib/avr51\libscanf_flt.a(vfscanf_flt.o)
                              (vfscanf)
C:\Users\eastuser.STUDENT\Documents\Atmel Studio\7.0\GccApplication1\GccApplication1\libc4m.a(isr.o)
                              (USE_C4MLIB_INTERRUPT)
C:\Users\eastuser.STUDENT\Documents\Atmel Studio\7.0\GccApplication1\GccApplication1\libc4m.a(device.o)
                              main.o (C4M_DEVICE_set)
C:\Users\eastuser.STUDENT\Documents\Atmel Studio\7.0\GccApplication1\GccApplication1\libc4m.a(stdio.o)
                              C:\Users\eastuser.STUDENT\Documents\Atmel Studio\7.0\GccApplication1\GccApplication1\libc4m.a(device.o) (C4M_STDIO_init)
C:\Users\eastuser.STUDENT\Documents\Atmel Studio\7.0\GccApplication1\GccApplication1\libc4m.a(asabus.o)
                              C:\Users\eastuser.STUDENT\Documents\Atmel Studio\7.0\GccApplication1\GccApplication1\libc4m.a(device.o) (ASABUS_ID_init)
C:\Users\eastuser.STUDENT\Documents\Atmel Studio\7.0\GccApplication1\GccApplication1\libc4m.a(exfunc.o)
                              C:\Users\eastuser.STUDENT\Documents\Atmel Studio\7.0\GccApplication1\GccApplication1\libc4m.a(device.o) (TWIMNewMode_net)
C:\Users\eastuser.STUDENT\Documents\Atmel Studio\7.0\GccApplication1\GccApplication1\libc4m.a(kb00.o)
                              C:\Users\eastuser.STUDENT\Documents\Atmel Studio\7.0\GccApplication1\GccApplication1\libc4m.a(device.o) (ASA_KB00_ftm)
C:\Users\eastuser.STUDENT\Documents\Atmel Studio\7.0\GccApplication1\GccApplication1\libc4m.a(7s00.o)
                              C:\Users\eastuser.STUDENT\Documents\Atmel Studio\7.0\GccApplication1\GccApplication1\libc4m.a(device.o) (ASA_7s00_trm)
C:\Users\eastuser.STUDENT\Documents\Atmel Studio\7.0\GccApplication1\GccApplication1\libc4m.a(stp00.o)
                              C:\Users\eastuser.STUDENT\Documents\Atmel Studio\7.0\GccApplication1\GccApplication1\libc4m.a(device.o) (ASA_STP00_trm)
C:\Users\eastuser.STUDENT\Documents\Atmel Studio\7.0\GccApplication1\GccApplication1\libc4m.a(hal_spi.o)
                              C:\Users\eastuser.STUDENT\Documents\Atmel Studio\7.0\GccApplication1\GccApplication1\libc4m.a(stp00.o) (SPI_MasterInst)
C:\Users\eastuser.STUDENT\Documents\Atmel Studio\7.0\GccApplication1\GccApplication1\libc4m.a(eeprom.o)
                              C:\Users\eastuser.STUDENT\Documents\Atmel Studio\7.0\GccApplication1\GccApplication1\libc4m.a(device.o) (EEPROM_get)
C:\Users\eastuser.STUDENT\Documents\Atmel Studio\7.0\GccApplication1\GccApplication1\libc4m.a(hal_time.o)
                              C:\Users\eastuser.STUDENT\Documents\Atmel Studio\7.0\GccApplication1\GccApplication1\libc4m.a(hal_spi.o) (HAL_get_expired_time_ms)
c:/program files (x86)/atmel/studio/7.0/toolchain/avr8/avr8-gnu-toolchain/bin/../lib/gcc/avr/5.4.0/../../../../avr/lib/avr51\libm.a(floatsisf.o)
                              c:/program files (x86)/atmel/studio/7.0/toolchain/avr8/avr8-gnu-toolchain/bin/../lib/gcc/avr/5.4.0/../../../../avr/lib/avr51\libscanf_flt.a(vfscanf_flt.o) (__floatunsisf)
c:/program files (x86)/atmel/studio/7.0/toolchain/avr8/avr8-gnu-toolchain/bin/../lib/gcc/avr/5.4.0/../../../../avr/lib/avr51\libm.a(mulsf3.o)
                              c:/program files (x86)/atmel/studio/7.0/toolchain/avr8/avr8-gnu-toolchain/bin/../lib/gcc/avr/5.4.0/../../../../avr/lib/avr51\libscanf_flt.a(vfscanf_flt.o) (__mulsf3)
c:/program files (x86)/atmel/studio/7.0/toolchain/avr8/avr8-gnu-toolchain/bin/../lib/gcc/avr/5.4.0/../../../../avr/lib/avr51\libm.a(mulsf3x.o)
                              c:/program files (x86)/atmel/studio/7.0/toolchain/avr8/avr8-gnu-toolchain/bin/../lib/gcc/avr/5.4.0/../../../../avr/lib/avr51\libm.a(mulsf3.o) (__mulsf3x)
c:/program files (x86)/atmel/studio/7.0/toolchain/avr8/avr8-gnu-toolchain/bin/../lib/gcc/avr/5.4.0/../../../../avr/lib/avr51\libm.a(fp_inf.o)
                              c:/program files (x86)/atmel/studio/7.0/toolchain/avr8/avr8-gnu-toolchain/bin/../lib/gcc/avr/5.4.0/../../../../avr/lib/avr51\libm.a(mulsf3x.o) (__fp_inf)
c:/program files (x86)/atmel/studio/7.0/toolchain/avr8/avr8-gnu-toolchain/bin/../lib/gcc/avr/5.4.0/../../../../avr/lib/avr51\libm.a(fp_nan.o)
                              c:/program files (x86)/atmel/studio/7.0/toolchain/avr8/avr8-gnu-toolchain/bin/../lib/gcc/avr/5.4.0/../../../../avr/lib/avr51\libm.a(mulsf3x.o) (__fp_nan)
c:/program files (x86)/atmel/studio/7.0/toolchain/avr8/avr8-gnu-toolchain/bin/../lib/gcc/avr/5.4.0/../../../../avr/lib/avr51\libm.a(fp_pscA.o)
                              c:/program files (x86)/atmel/studio/7.0/toolchain/avr8/avr8-gnu-toolchain/bin/../lib/gcc/avr/5.4.0/../../../../avr/lib/avr51\libm.a(mulsf3x.o) (__fp_pscA)
c:/program files (x86)/atmel/studio/7.0/toolchain/avr8/avr8-gnu-toolchain/bin/../lib/gcc/avr/5.4.0/../../../../avr/lib/avr51\libm.a(fp_pscB.o)
                              c:/program files (x86)/atmel/studio/7.0/toolchain/avr8/avr8-gnu-toolchain/bin/../lib/gcc/avr/5.4.0/../../../../avr/lib/avr51\libm.a(mulsf3x.o) (__fp_pscB)
c:/program files (x86)/atmel/studio/7.0/toolchain/avr8/avr8-gnu-toolchain/bin/../lib/gcc/avr/5.4.0/../../../../avr/lib/avr51\libm.a(fp_round.o)
                              c:/program files (x86)/atmel/studio/7.0/toolchain/avr8/avr8-gnu-toolchain/bin/../lib/gcc/avr/5.4.0/../../../../avr/lib/avr51\libm.a(mulsf3.o) (__fp_round)
c:/program files (x86)/atmel/studio/7.0/toolchain/avr8/avr8-gnu-toolchain/bin/../lib/gcc/avr/5.4.0/../../../../avr/lib/avr51\libm.a(fp_split3.o)
                              c:/program files (x86)/atmel/studio/7.0/toolchain/avr8/avr8-gnu-toolchain/bin/../lib/gcc/avr/5.4.0/../../../../avr/lib/avr51\libm.a(mulsf3x.o) (__fp_split3)
c:/program files (x86)/atmel/studio/7.0/toolchain/avr8/avr8-gnu-toolchain/bin/../lib/gcc/avr/5.4.0/../../../../avr/lib/avr51\libm.a(fp_zero.o)
                              c:/program files (x86)/atmel/studio/7.0/toolchain/avr8/avr8-gnu-toolchain/bin/../lib/gcc/avr/5.4.0/../../../../avr/lib/avr51\libm.a(mulsf3x.o) (__fp_szero)
c:/program files (x86)/atmel/studio/7.0/toolchain/avr8/avr8-gnu-toolchain/bin/../lib/gcc/avr/5.4.0/avr51\libgcc.a(_udivmodsi4.o)
                              C:\Users\eastuser.STUDENT\Documents\Atmel Studio\7.0\GccApplication1\GccApplication1\libc4m.a(hal_time.o) (__udivmodsi4)
c:/program files (x86)/atmel/studio/7.0/toolchain/avr8/avr8-gnu-toolchain/bin/../lib/gcc/avr/5.4.0/avr51\libgcc.a(_exit.o)
                              C:/Program Files (x86)/Atmel/Studio/7.0/Packs/atmel/ATmega_DFP/1.3.300/gcc/dev/atmega128/avr51/crtatmega128.o (exit)
c:/program files (x86)/atmel/studio/7.0/toolchain/avr8/avr8-gnu-toolchain/bin/../lib/gcc/avr/5.4.0/avr51\libgcc.a(_copy_data.o)
                              main.o (__do_copy_data)
c:/program files (x86)/atmel/studio/7.0/toolchain/avr8/avr8-gnu-toolchain/bin/../lib/gcc/avr/5.4.0/avr51\libgcc.a(_clear_bss.o)
                              main.o (__do_clear_bss)
c:/program files (x86)/atmel/studio/7.0/toolchain/avr8/avr8-gnu-toolchain/bin/../lib/gcc/avr/5.4.0/../../../../avr/lib/avr51\libc.a(ftoa_engine.o)
                              c:/program files (x86)/atmel/studio/7.0/toolchain/avr8/avr8-gnu-toolchain/bin/../lib/gcc/avr/5.4.0/../../../../avr/lib/avr51\libprintf_flt.a(vfprintf_flt.o) (__ftoa_engine)
c:/program files (x86)/atmel/studio/7.0/toolchain/avr8/avr8-gnu-toolchain/bin/../lib/gcc/avr/5.4.0/../../../../avr/lib/avr51\libc.a(isspace.o)
                              c:/program files (x86)/atmel/studio/7.0/toolchain/avr8/avr8-gnu-toolchain/bin/../lib/gcc/avr/5.4.0/../../../../avr/lib/avr51\libscanf_flt.a(vfscanf_flt.o) (isspace)
c:/program files (x86)/atmel/studio/7.0/toolchain/avr8/avr8-gnu-toolchain/bin/../lib/gcc/avr/5.4.0/../../../../avr/lib/avr51\libc.a(tolower.o)
                              c:/program files (x86)/atmel/studio/7.0/toolchain/avr8/avr8-gnu-toolchain/bin/../lib/gcc/avr/5.4.0/../../../../avr/lib/avr51\libscanf_flt.a(vfscanf_flt.o) (tolower)
c:/program files (x86)/atmel/studio/7.0/toolchain/avr8/avr8-gnu-toolchain/bin/../lib/gcc/avr/5.4.0/../../../../avr/lib/avr51\libc.a(strchr_P.o)
                              c:/program files (x86)/atmel/studio/7.0/toolchain/avr8/avr8-gnu-toolchain/bin/../lib/gcc/avr/5.4.0/../../../../avr/lib/avr51\libscanf_flt.a(vfscanf_flt.o) (strchr_P)
c:/program files (x86)/atmel/studio/7.0/toolchain/avr8/avr8-gnu-toolchain/bin/../lib/gcc/avr/5.4.0/../../../../avr/lib/avr51\libc.a(strnlen_P.o)
                              c:/program files (x86)/atmel/studio/7.0/toolchain/avr8/avr8-gnu-toolchain/bin/../lib/gcc/avr/5.4.0/../../../../avr/lib/avr51\libprintf_flt.a(vfprintf_flt.o) (strnlen_P)
c:/program files (x86)/atmel/studio/7.0/toolchain/avr8/avr8-gnu-toolchain/bin/../lib/gcc/avr/5.4.0/../../../../avr/lib/avr51\libc.a(strnlen.o)
                              c:/program files (x86)/atmel/studio/7.0/toolchain/avr8/avr8-gnu-toolchain/bin/../lib/gcc/avr/5.4.0/../../../../avr/lib/avr51\libprintf_flt.a(vfprintf_flt.o) (strnlen)
c:/program files (x86)/atmel/studio/7.0/toolchain/avr8/avr8-gnu-toolchain/bin/../lib/gcc/avr/5.4.0/../../../../avr/lib/avr51\libc.a(fgetc.o)
                              c:/program files (x86)/atmel/studio/7.0/toolchain/avr8/avr8-gnu-toolchain/bin/../lib/gcc/avr/5.4.0/../../../../avr/lib/avr51\libscanf_flt.a(vfscanf_flt.o) (fgetc)
c:/program files (x86)/atmel/studio/7.0/toolchain/avr8/avr8-gnu-toolchain/bin/../lib/gcc/avr/5.4.0/../../../../avr/lib/avr51\libc.a(fputc.o)
                              c:/program files (x86)/atmel/studio/7.0/toolchain/avr8/avr8-gnu-toolchain/bin/../lib/gcc/avr/5.4.0/../../../../avr/lib/avr51\libprintf_flt.a(vfprintf_flt.o) (fputc)
c:/program files (x86)/atmel/studio/7.0/toolchain/avr8/avr8-gnu-toolchain/bin/../lib/gcc/avr/5.4.0/../../../../avr/lib/avr51\libc.a(iob.o)
                              C:\Users\eastuser.STUDENT\Documents\Atmel Studio\7.0\GccApplication1\GccApplication1\libc4m.a(stdio.o) (__iob)
c:/program files (x86)/atmel/studio/7.0/toolchain/avr8/avr8-gnu-toolchain/bin/../lib/gcc/avr/5.4.0/../../../../avr/lib/avr51\libc.a(puts.o)
                              main.o (puts)
c:/program files (x86)/atmel/studio/7.0/toolchain/avr8/avr8-gnu-toolchain/bin/../lib/gcc/avr/5.4.0/../../../../avr/lib/avr51\libc.a(ungetc.o)
                              c:/program files (x86)/atmel/studio/7.0/toolchain/avr8/avr8-gnu-toolchain/bin/../lib/gcc/avr/5.4.0/../../../../avr/lib/avr51\libscanf_flt.a(vfscanf_flt.o) (ungetc)
c:/program files (x86)/atmel/studio/7.0/toolchain/avr8/avr8-gnu-toolchain/bin/../lib/gcc/avr/5.4.0/../../../../avr/lib/avr51\libc.a(ultoa_invert.o)
                              c:/program files (x86)/atmel/studio/7.0/toolchain/avr8/avr8-gnu-toolchain/bin/../lib/gcc/avr/5.4.0/../../../../avr/lib/avr51\libprintf_flt.a(vfprintf_flt.o) (__ultoa_invert)
c:/program files (x86)/atmel/studio/7.0/toolchain/avr8/avr8-gnu-toolchain/bin/../lib/gcc/avr/5.4.0/../../../../avr/lib/avr51\libc.a(cty_isfalse.o)
                              c:/program files (x86)/atmel/studio/7.0/toolchain/avr8/avr8-gnu-toolchain/bin/../lib/gcc/avr/5.4.0/../../../../avr/lib/avr51\libc.a(isspace.o) (__ctype_isfalse)
C:/Program Files (x86)/Atmel/Studio/7.0/Packs/atmel/ATmega_DFP/1.3.300/gcc/dev/atmega128/avr51\libatmega128.a(eerd_block.o)
                              C:\Users\eastuser.STUDENT\Documents\Atmel Studio\7.0\GccApplication1\GccApplication1\libc4m.a(eeprom.o) (eeprom_read_block)
C:/Program Files (x86)/Atmel/Studio/7.0/Packs/atmel/ATmega_DFP/1.3.300/gcc/dev/atmega128/avr51\libatmega128.a(eewr_block.o)
                              C:\Users\eastuser.STUDENT\Documents\Atmel Studio\7.0\GccApplication1\GccApplication1\libc4m.a(eeprom.o) (eeprom_write_block)
C:/Program Files (x86)/Atmel/Studio/7.0/Packs/atmel/ATmega_DFP/1.3.300/gcc/dev/atmega128/avr51\libatmega128.a(eewr_byte.o)
                              C:/Program Files (x86)/Atmel/Studio/7.0/Packs/atmel/ATmega_DFP/1.3.300/gcc/dev/atmega128/avr51\libatmega128.a(eewr_block.o) (eeprom_write_r18)

Allocating common symbols
Common symbol       size              file

SPI_NewMode_st      0x15              C:\Users\eastuser.STUDENT\Documents\Atmel Studio\7.0\GccApplication1\GccApplication1\libc4m.a(device.o)
ASAConfigStr_inst   0x1               C:\Users\eastuser.STUDENT\Documents\Atmel Studio\7.0\GccApplication1\GccApplication1\libc4m.a(device.o)
UART_NewMode_st     0x15              C:\Users\eastuser.STUDENT\Documents\Atmel Studio\7.0\GccApplication1\GccApplication1\libc4m.a(device.o)
TWI_NewMode_st      0x15              C:\Users\eastuser.STUDENT\Documents\Atmel Studio\7.0\GccApplication1\GccApplication1\libc4m.a(device.o)
TimerCntStr_inst    0xb5              main.o
HAL_time_global     0x4               C:\Users\eastuser.STUDENT\Documents\Atmel Studio\7.0\GccApplication1\GccApplication1\libc4m.a(hal_time.o)
__iob               0x6               c:/program files (x86)/atmel/studio/7.0/toolchain/avr8/avr8-gnu-toolchain/bin/../lib/gcc/avr/5.4.0/../../../../avr/lib/avr51\libc.a(iob.o)

Discarded input sections

 .text          0x00000000        0x4 C:/Program Files (x86)/Atmel/Studio/7.0/Packs/atmel/ATmega_DFP/1.3.300/gcc/dev/atmega128/avr51/crtatmega128.o
 .data          0x00000000        0x0 C:/Program Files (x86)/Atmel/Studio/7.0/Packs/atmel/ATmega_DFP/1.3.300/gcc/dev/atmega128/avr51/crtatmega128.o
 .bss           0x00000000        0x0 C:/Program Files (x86)/Atmel/Studio/7.0/Packs/atmel/ATmega_DFP/1.3.300/gcc/dev/atmega128/avr51/crtatmega128.o
 .text          0x00000000        0x0 main.o
 .data          0x00000000        0x0 main.o
 .bss           0x00000000        0x0 main.o
 COMMON         0x00000000       0xb5 main.o
 .text          0x00000000        0x0 c:/program files (x86)/atmel/studio/7.0/toolchain/avr8/avr8-gnu-toolchain/bin/../lib/gcc/avr/5.4.0/../../../../avr/lib/avr51\libprintf_flt.a(vfprintf_flt.o)
 .data          0x00000000        0x0 c:/program files (x86)/atmel/studio/7.0/toolchain/avr8/avr8-gnu-toolchain/bin/../lib/gcc/avr/5.4.0/../../../../avr/lib/avr51\libprintf_flt.a(vfprintf_flt.o)
 .bss           0x00000000        0x0 c:/program files (x86)/atmel/studio/7.0/toolchain/avr8/avr8-gnu-toolchain/bin/../lib/gcc/avr/5.4.0/../../../../avr/lib/avr51\libprintf_flt.a(vfprintf_flt.o)
 .text          0x00000000        0x0 c:/program files (x86)/atmel/studio/7.0/toolchain/avr8/avr8-gnu-toolchain/bin/../lib/gcc/avr/5.4.0/../../../../avr/lib/avr51\libscanf_flt.a(vfscanf_flt.o)
 .data          0x00000000        0x0 c:/program files (x86)/atmel/studio/7.0/toolchain/avr8/avr8-gnu-toolchain/bin/../lib/gcc/avr/5.4.0/../../../../avr/lib/avr51\libscanf_flt.a(vfscanf_flt.o)
 .bss           0x00000000        0x0 c:/program files (x86)/atmel/studio/7.0/toolchain/avr8/avr8-gnu-toolchain/bin/../lib/gcc/avr/5.4.0/../../../../avr/lib/avr51\libscanf_flt.a(vfscanf_flt.o)
 .data          0x00000000        0x0 C:\Users\eastuser.STUDENT\Documents\Atmel Studio\7.0\GccApplication1\GccApplication1\libc4m.a(isr.o)
 .bss           0x00000000        0x0 C:\Users\eastuser.STUDENT\Documents\Atmel Studio\7.0\GccApplication1\GccApplication1\libc4m.a(isr.o)
 .bss           0x00000000        0x0 C:\Users\eastuser.STUDENT\Documents\Atmel Studio\7.0\GccApplication1\GccApplication1\libc4m.a(stdio.o)
 .data          0x00000000        0x0 C:\Users\eastuser.STUDENT\Documents\Atmel Studio\7.0\GccApplication1\GccApplication1\libc4m.a(asabus.o)
 .bss           0x00000000        0x0 C:\Users\eastuser.STUDENT\Documents\Atmel Studio\7.0\GccApplication1\GccApplication1\libc4m.a(asabus.o)
 .data          0x00000000        0x0 C:\Users\eastuser.STUDENT\Documents\Atmel Studio\7.0\GccApplication1\GccApplication1\libc4m.a(exfunc.o)
 .data          0x00000000        0x0 C:\Users\eastuser.STUDENT\Documents\Atmel Studio\7.0\GccApplication1\GccApplication1\libc4m.a(kb00.o)
 .bss           0x00000000        0x0 C:\Users\eastuser.STUDENT\Documents\Atmel Studio\7.0\GccApplication1\GccApplication1\libc4m.a(kb00.o)
 .data          0x00000000        0x0 C:\Users\eastuser.STUDENT\Documents\Atmel Studio\7.0\GccApplication1\GccApplication1\libc4m.a(7s00.o)
 .bss           0x00000000        0x0 C:\Users\eastuser.STUDENT\Documents\Atmel Studio\7.0\GccApplication1\GccApplication1\libc4m.a(7s00.o)
 .data          0x00000000        0x0 C:\Users\eastuser.STUDENT\Documents\Atmel Studio\7.0\GccApplication1\GccApplication1\libc4m.a(stp00.o)
 .bss           0x00000000        0x0 C:\Users\eastuser.STUDENT\Documents\Atmel Studio\7.0\GccApplication1\GccApplication1\libc4m.a(stp00.o)
 .bss           0x00000000        0x0 C:\Users\eastuser.STUDENT\Documents\Atmel Studio\7.0\GccApplication1\GccApplication1\libc4m.a(hal_spi.o)
 .data          0x00000000        0x0 C:\Users\eastuser.STUDENT\Documents\Atmel Studio\7.0\GccApplication1\GccApplication1\libc4m.a(eeprom.o)
 .bss           0x00000000        0x0 C:\Users\eastuser.STUDENT\Documents\Atmel Studio\7.0\GccApplication1\GccApplication1\libc4m.a(eeprom.o)
 .data          0x00000000        0x0 C:\Users\eastuser.STUDENT\Documents\Atmel Studio\7.0\GccApplication1\GccApplication1\libc4m.a(hal_time.o)
 .bss           0x00000000        0x0 C:\Users\eastuser.STUDENT\Documents\Atmel Studio\7.0\GccApplication1\GccApplication1\libc4m.a(hal_time.o)
 .text          0x00000000        0x0 c:/program files (x86)/atmel/studio/7.0/toolchain/avr8/avr8-gnu-toolchain/bin/../lib/gcc/avr/5.4.0/../../../../avr/lib/avr51\libm.a(floatsisf.o)
 .data          0x00000000        0x0 c:/program files (x86)/atmel/studio/7.0/toolchain/avr8/avr8-gnu-toolchain/bin/../lib/gcc/avr/5.4.0/../../../../avr/lib/avr51\libm.a(floatsisf.o)
 .bss           0x00000000        0x0 c:/program files (x86)/atmel/studio/7.0/toolchain/avr8/avr8-gnu-toolchain/bin/../lib/gcc/avr/5.4.0/../../../../avr/lib/avr51\libm.a(floatsisf.o)
 .text          0x00000000        0x0 c:/program files (x86)/atmel/studio/7.0/toolchain/avr8/avr8-gnu-toolchain/bin/../lib/gcc/avr/5.4.0/../../../../avr/lib/avr51\libm.a(mulsf3.o)
 .data          0x00000000        0x0 c:/program files (x86)/atmel/studio/7.0/toolchain/avr8/avr8-gnu-toolchain/bin/../lib/gcc/avr/5.4.0/../../../../avr/lib/avr51\libm.a(mulsf3.o)
 .bss           0x00000000        0x0 c:/program files (x86)/atmel/studio/7.0/toolchain/avr8/avr8-gnu-toolchain/bin/../lib/gcc/avr/5.4.0/../../../../avr/lib/avr51\libm.a(mulsf3.o)
 .text          0x00000000        0x0 c:/program files (x86)/atmel/studio/7.0/toolchain/avr8/avr8-gnu-toolchain/bin/../lib/gcc/avr/5.4.0/../../../../avr/lib/avr51\libm.a(mulsf3x.o)
 .data          0x00000000        0x0 c:/program files (x86)/atmel/studio/7.0/toolchain/avr8/avr8-gnu-toolchain/bin/../lib/gcc/avr/5.4.0/../../../../avr/lib/avr51\libm.a(mulsf3x.o)
 .bss           0x00000000        0x0 c:/program files (x86)/atmel/studio/7.0/toolchain/avr8/avr8-gnu-toolchain/bin/../lib/gcc/avr/5.4.0/../../../../avr/lib/avr51\libm.a(mulsf3x.o)
 .text          0x00000000        0x0 c:/program files (x86)/atmel/studio/7.0/toolchain/avr8/avr8-gnu-toolchain/bin/../lib/gcc/avr/5.4.0/../../../../avr/lib/avr51\libm.a(fp_inf.o)
 .data          0x00000000        0x0 c:/program files (x86)/atmel/studio/7.0/toolchain/avr8/avr8-gnu-toolchain/bin/../lib/gcc/avr/5.4.0/../../../../avr/lib/avr51\libm.a(fp_inf.o)
 .bss           0x00000000        0x0 c:/program files (x86)/atmel/studio/7.0/toolchain/avr8/avr8-gnu-toolchain/bin/../lib/gcc/avr/5.4.0/../../../../avr/lib/avr51\libm.a(fp_inf.o)
 .text          0x00000000        0x0 c:/program files (x86)/atmel/studio/7.0/toolchain/avr8/avr8-gnu-toolchain/bin/../lib/gcc/avr/5.4.0/../../../../avr/lib/avr51\libm.a(fp_nan.o)
 .data          0x00000000        0x0 c:/program files (x86)/atmel/studio/7.0/toolchain/avr8/avr8-gnu-toolchain/bin/../lib/gcc/avr/5.4.0/../../../../avr/lib/avr51\libm.a(fp_nan.o)
 .bss           0x00000000        0x0 c:/program files (x86)/atmel/studio/7.0/toolchain/avr8/avr8-gnu-toolchain/bin/../lib/gcc/avr/5.4.0/../../../../avr/lib/avr51\libm.a(fp_nan.o)
 .text          0x00000000        0x0 c:/program files (x86)/atmel/studio/7.0/toolchain/avr8/avr8-gnu-toolchain/bin/../lib/gcc/avr/5.4.0/../../../../avr/lib/avr51\libm.a(fp_pscA.o)
 .data          0x00000000        0x0 c:/program files (x86)/atmel/studio/7.0/toolchain/avr8/avr8-gnu-toolchain/bin/../lib/gcc/avr/5.4.0/../../../../avr/lib/avr51\libm.a(fp_pscA.o)
 .bss           0x00000000        0x0 c:/program files (x86)/atmel/studio/7.0/toolchain/avr8/avr8-gnu-toolchain/bin/../lib/gcc/avr/5.4.0/../../../../avr/lib/avr51\libm.a(fp_pscA.o)
 .text          0x00000000        0x0 c:/program files (x86)/atmel/studio/7.0/toolchain/avr8/avr8-gnu-toolchain/bin/../lib/gcc/avr/5.4.0/../../../../avr/lib/avr51\libm.a(fp_pscB.o)
 .data          0x00000000        0x0 c:/program files (x86)/atmel/studio/7.0/toolchain/avr8/avr8-gnu-toolchain/bin/../lib/gcc/avr/5.4.0/../../../../avr/lib/avr51\libm.a(fp_pscB.o)
 .bss           0x00000000        0x0 c:/program files (x86)/atmel/studio/7.0/toolchain/avr8/avr8-gnu-toolchain/bin/../lib/gcc/avr/5.4.0/../../../../avr/lib/avr51\libm.a(fp_pscB.o)
 .text          0x00000000        0x0 c:/program files (x86)/atmel/studio/7.0/toolchain/avr8/avr8-gnu-toolchain/bin/../lib/gcc/avr/5.4.0/../../../../avr/lib/avr51\libm.a(fp_round.o)
 .data          0x00000000        0x0 c:/program files (x86)/atmel/studio/7.0/toolchain/avr8/avr8-gnu-toolchain/bin/../lib/gcc/avr/5.4.0/../../../../avr/lib/avr51\libm.a(fp_round.o)
 .bss           0x00000000        0x0 c:/program files (x86)/atmel/studio/7.0/toolchain/avr8/avr8-gnu-toolchain/bin/../lib/gcc/avr/5.4.0/../../../../avr/lib/avr51\libm.a(fp_round.o)
 .text          0x00000000        0x0 c:/program files (x86)/atmel/studio/7.0/toolchain/avr8/avr8-gnu-toolchain/bin/../lib/gcc/avr/5.4.0/../../../../avr/lib/avr51\libm.a(fp_split3.o)
 .data          0x00000000        0x0 c:/program files (x86)/atmel/studio/7.0/toolchain/avr8/avr8-gnu-toolchain/bin/../lib/gcc/avr/5.4.0/../../../../avr/lib/avr51\libm.a(fp_split3.o)
 .bss           0x00000000        0x0 c:/program files (x86)/atmel/studio/7.0/toolchain/avr8/avr8-gnu-toolchain/bin/../lib/gcc/avr/5.4.0/../../../../avr/lib/avr51\libm.a(fp_split3.o)
 .text          0x00000000        0x0 c:/program files (x86)/atmel/studio/7.0/toolchain/avr8/avr8-gnu-toolchain/bin/../lib/gcc/avr/5.4.0/../../../../avr/lib/avr51\libm.a(fp_zero.o)
 .data          0x00000000        0x0 c:/program files (x86)/atmel/studio/7.0/toolchain/avr8/avr8-gnu-toolchain/bin/../lib/gcc/avr/5.4.0/../../../../avr/lib/avr51\libm.a(fp_zero.o)
 .bss           0x00000000        0x0 c:/program files (x86)/atmel/studio/7.0/toolchain/avr8/avr8-gnu-toolchain/bin/../lib/gcc/avr/5.4.0/../../../../avr/lib/avr51\libm.a(fp_zero.o)
 .text          0x00000000        0x0 c:/program files (x86)/atmel/studio/7.0/toolchain/avr8/avr8-gnu-toolchain/bin/../lib/gcc/avr/5.4.0/avr51\libgcc.a(_udivmodsi4.o)
 .data          0x00000000        0x0 c:/program files (x86)/atmel/studio/7.0/toolchain/avr8/avr8-gnu-toolchain/bin/../lib/gcc/avr/5.4.0/avr51\libgcc.a(_udivmodsi4.o)
 .bss           0x00000000        0x0 c:/program files (x86)/atmel/studio/7.0/toolchain/avr8/avr8-gnu-toolchain/bin/../lib/gcc/avr/5.4.0/avr51\libgcc.a(_udivmodsi4.o)
 .text.libgcc.mul
                0x00000000        0x0 c:/program files (x86)/atmel/studio/7.0/toolchain/avr8/avr8-gnu-toolchain/bin/../lib/gcc/avr/5.4.0/avr51\libgcc.a(_udivmodsi4.o)
 .text.libgcc   0x00000000        0x0 c:/program files (x86)/atmel/studio/7.0/toolchain/avr8/avr8-gnu-toolchain/bin/../lib/gcc/avr/5.4.0/avr51\libgcc.a(_udivmodsi4.o)
 .text.libgcc.prologue
                0x00000000        0x0 c:/program files (x86)/atmel/studio/7.0/toolchain/avr8/avr8-gnu-toolchain/bin/../lib/gcc/avr/5.4.0/avr51\libgcc.a(_udivmodsi4.o)
 .text.libgcc.builtins
                0x00000000        0x0 c:/program files (x86)/atmel/studio/7.0/toolchain/avr8/avr8-gnu-toolchain/bin/../lib/gcc/avr/5.4.0/avr51\libgcc.a(_udivmodsi4.o)
 .text.libgcc.fmul
                0x00000000        0x0 c:/program files (x86)/atmel/studio/7.0/toolchain/avr8/avr8-gnu-toolchain/bin/../lib/gcc/avr/5.4.0/avr51\libgcc.a(_udivmodsi4.o)
 .text.libgcc.fixed
                0x00000000        0x0 c:/program files (x86)/atmel/studio/7.0/toolchain/avr8/avr8-gnu-toolchain/bin/../lib/gcc/avr/5.4.0/avr51\libgcc.a(_udivmodsi4.o)
 .text          0x00000000        0x0 c:/program files (x86)/atmel/studio/7.0/toolchain/avr8/avr8-gnu-toolchain/bin/../lib/gcc/avr/5.4.0/avr51\libgcc.a(_exit.o)
 .data          0x00000000        0x0 c:/program files (x86)/atmel/studio/7.0/toolchain/avr8/avr8-gnu-toolchain/bin/../lib/gcc/avr/5.4.0/avr51\libgcc.a(_exit.o)
 .bss           0x00000000        0x0 c:/program files (x86)/atmel/studio/7.0/toolchain/avr8/avr8-gnu-toolchain/bin/../lib/gcc/avr/5.4.0/avr51\libgcc.a(_exit.o)
 .text.libgcc.mul
                0x00000000        0x0 c:/program files (x86)/atmel/studio/7.0/toolchain/avr8/avr8-gnu-toolchain/bin/../lib/gcc/avr/5.4.0/avr51\libgcc.a(_exit.o)
 .text.libgcc.div
                0x00000000        0x0 c:/program files (x86)/atmel/studio/7.0/toolchain/avr8/avr8-gnu-toolchain/bin/../lib/gcc/avr/5.4.0/avr51\libgcc.a(_exit.o)
 .text.libgcc   0x00000000        0x0 c:/program files (x86)/atmel/studio/7.0/toolchain/avr8/avr8-gnu-toolchain/bin/../lib/gcc/avr/5.4.0/avr51\libgcc.a(_exit.o)
 .text.libgcc.prologue
                0x00000000        0x0 c:/program files (x86)/atmel/studio/7.0/toolchain/avr8/avr8-gnu-toolchain/bin/../lib/gcc/avr/5.4.0/avr51\libgcc.a(_exit.o)
 .text.libgcc.builtins
                0x00000000        0x0 c:/program files (x86)/atmel/studio/7.0/toolchain/avr8/avr8-gnu-toolchain/bin/../lib/gcc/avr/5.4.0/avr51\libgcc.a(_exit.o)
 .text.libgcc.fmul
                0x00000000        0x0 c:/program files (x86)/atmel/studio/7.0/toolchain/avr8/avr8-gnu-toolchain/bin/../lib/gcc/avr/5.4.0/avr51\libgcc.a(_exit.o)
 .text.libgcc.fixed
                0x00000000        0x0 c:/program files (x86)/atmel/studio/7.0/toolchain/avr8/avr8-gnu-toolchain/bin/../lib/gcc/avr/5.4.0/avr51\libgcc.a(_exit.o)
 .text          0x00000000        0x0 c:/program files (x86)/atmel/studio/7.0/toolchain/avr8/avr8-gnu-toolchain/bin/../lib/gcc/avr/5.4.0/avr51\libgcc.a(_copy_data.o)
 .data          0x00000000        0x0 c:/program files (x86)/atmel/studio/7.0/toolchain/avr8/avr8-gnu-toolchain/bin/../lib/gcc/avr/5.4.0/avr51\libgcc.a(_copy_data.o)
 .bss           0x00000000        0x0 c:/program files (x86)/atmel/studio/7.0/toolchain/avr8/avr8-gnu-toolchain/bin/../lib/gcc/avr/5.4.0/avr51\libgcc.a(_copy_data.o)
 .text.libgcc.mul
                0x00000000        0x0 c:/program files (x86)/atmel/studio/7.0/toolchain/avr8/avr8-gnu-toolchain/bin/../lib/gcc/avr/5.4.0/avr51\libgcc.a(_copy_data.o)
 .text.libgcc.div
                0x00000000        0x0 c:/program files (x86)/atmel/studio/7.0/toolchain/avr8/avr8-gnu-toolchain/bin/../lib/gcc/avr/5.4.0/avr51\libgcc.a(_copy_data.o)
 .text.libgcc   0x00000000        0x0 c:/program files (x86)/atmel/studio/7.0/toolchain/avr8/avr8-gnu-toolchain/bin/../lib/gcc/avr/5.4.0/avr51\libgcc.a(_copy_data.o)
 .text.libgcc.prologue
                0x00000000        0x0 c:/program files (x86)/atmel/studio/7.0/toolchain/avr8/avr8-gnu-toolchain/bin/../lib/gcc/avr/5.4.0/avr51\libgcc.a(_copy_data.o)
 .text.libgcc.builtins
                0x00000000        0x0 c:/program files (x86)/atmel/studio/7.0/toolchain/avr8/avr8-gnu-toolchain/bin/../lib/gcc/avr/5.4.0/avr51\libgcc.a(_copy_data.o)
 .text.libgcc.fmul
                0x00000000        0x0 c:/program files (x86)/atmel/studio/7.0/toolchain/avr8/avr8-gnu-toolchain/bin/../lib/gcc/avr/5.4.0/avr51\libgcc.a(_copy_data.o)
 .text.libgcc.fixed
                0x00000000        0x0 c:/program files (x86)/atmel/studio/7.0/toolchain/avr8/avr8-gnu-toolchain/bin/../lib/gcc/avr/5.4.0/avr51\libgcc.a(_copy_data.o)
 .text          0x00000000        0x0 c:/program files (x86)/atmel/studio/7.0/toolchain/avr8/avr8-gnu-toolchain/bin/../lib/gcc/avr/5.4.0/avr51\libgcc.a(_clear_bss.o)
 .data          0x00000000        0x0 c:/program files (x86)/atmel/studio/7.0/toolchain/avr8/avr8-gnu-toolchain/bin/../lib/gcc/avr/5.4.0/avr51\libgcc.a(_clear_bss.o)
 .bss           0x00000000        0x0 c:/program files (x86)/atmel/studio/7.0/toolchain/avr8/avr8-gnu-toolchain/bin/../lib/gcc/avr/5.4.0/avr51\libgcc.a(_clear_bss.o)
 .text.libgcc.mul
                0x00000000        0x0 c:/program files (x86)/atmel/studio/7.0/toolchain/avr8/avr8-gnu-toolchain/bin/../lib/gcc/avr/5.4.0/avr51\libgcc.a(_clear_bss.o)
 .text.libgcc.div
                0x00000000        0x0 c:/program files (x86)/atmel/studio/7.0/toolchain/avr8/avr8-gnu-toolchain/bin/../lib/gcc/avr/5.4.0/avr51\libgcc.a(_clear_bss.o)
 .text.libgcc   0x00000000        0x0 c:/program files (x86)/atmel/studio/7.0/toolchain/avr8/avr8-gnu-toolchain/bin/../lib/gcc/avr/5.4.0/avr51\libgcc.a(_clear_bss.o)
 .text.libgcc.prologue
                0x00000000        0x0 c:/program files (x86)/atmel/studio/7.0/toolchain/avr8/avr8-gnu-toolchain/bin/../lib/gcc/avr/5.4.0/avr51\libgcc.a(_clear_bss.o)
 .text.libgcc.builtins
                0x00000000        0x0 c:/program files (x86)/atmel/studio/7.0/toolchain/avr8/avr8-gnu-toolchain/bin/../lib/gcc/avr/5.4.0/avr51\libgcc.a(_clear_bss.o)
 .text.libgcc.fmul
                0x00000000        0x0 c:/program files (x86)/atmel/studio/7.0/toolchain/avr8/avr8-gnu-toolchain/bin/../lib/gcc/avr/5.4.0/avr51\libgcc.a(_clear_bss.o)
 .text.libgcc.fixed
                0x00000000        0x0 c:/program files (x86)/atmel/studio/7.0/toolchain/avr8/avr8-gnu-toolchain/bin/../lib/gcc/avr/5.4.0/avr51\libgcc.a(_clear_bss.o)
 .text          0x00000000        0x0 c:/program files (x86)/atmel/studio/7.0/toolchain/avr8/avr8-gnu-toolchain/bin/../lib/gcc/avr/5.4.0/../../../../avr/lib/avr51\libc.a(ftoa_engine.o)
 .data          0x00000000        0x0 c:/program files (x86)/atmel/studio/7.0/toolchain/avr8/avr8-gnu-toolchain/bin/../lib/gcc/avr/5.4.0/../../../../avr/lib/avr51\libc.a(ftoa_engine.o)
 .bss           0x00000000        0x0 c:/program files (x86)/atmel/studio/7.0/toolchain/avr8/avr8-gnu-toolchain/bin/../lib/gcc/avr/5.4.0/../../../../avr/lib/avr51\libc.a(ftoa_engine.o)
 .text          0x00000000        0x0 c:/program files (x86)/atmel/studio/7.0/toolchain/avr8/avr8-gnu-toolchain/bin/../lib/gcc/avr/5.4.0/../../../../avr/lib/avr51\libc.a(isspace.o)
 .data          0x00000000        0x0 c:/program files (x86)/atmel/studio/7.0/toolchain/avr8/avr8-gnu-toolchain/bin/../lib/gcc/avr/5.4.0/../../../../avr/lib/avr51\libc.a(isspace.o)
 .bss           0x00000000        0x0 c:/program files (x86)/atmel/studio/7.0/toolchain/avr8/avr8-gnu-toolchain/bin/../lib/gcc/avr/5.4.0/../../../../avr/lib/avr51\libc.a(isspace.o)
 .text          0x00000000        0x0 c:/program files (x86)/atmel/studio/7.0/toolchain/avr8/avr8-gnu-toolchain/bin/../lib/gcc/avr/5.4.0/../../../../avr/lib/avr51\libc.a(tolower.o)
 .data          0x00000000        0x0 c:/program files (x86)/atmel/studio/7.0/toolchain/avr8/avr8-gnu-toolchain/bin/../lib/gcc/avr/5.4.0/../../../../avr/lib/avr51\libc.a(tolower.o)
 .bss           0x00000000        0x0 c:/program files (x86)/atmel/studio/7.0/toolchain/avr8/avr8-gnu-toolchain/bin/../lib/gcc/avr/5.4.0/../../../../avr/lib/avr51\libc.a(tolower.o)
 .text          0x00000000        0x0 c:/program files (x86)/atmel/studio/7.0/toolchain/avr8/avr8-gnu-toolchain/bin/../lib/gcc/avr/5.4.0/../../../../avr/lib/avr51\libc.a(strchr_P.o)
 .data          0x00000000        0x0 c:/program files (x86)/atmel/studio/7.0/toolchain/avr8/avr8-gnu-toolchain/bin/../lib/gcc/avr/5.4.0/../../../../avr/lib/avr51\libc.a(strchr_P.o)
 .bss           0x00000000        0x0 c:/program files (x86)/atmel/studio/7.0/toolchain/avr8/avr8-gnu-toolchain/bin/../lib/gcc/avr/5.4.0/../../../../avr/lib/avr51\libc.a(strchr_P.o)
 .text          0x00000000        0x0 c:/program files (x86)/atmel/studio/7.0/toolchain/avr8/avr8-gnu-toolchain/bin/../lib/gcc/avr/5.4.0/../../../../avr/lib/avr51\libc.a(strnlen_P.o)
 .data          0x00000000        0x0 c:/program files (x86)/atmel/studio/7.0/toolchain/avr8/avr8-gnu-toolchain/bin/../lib/gcc/avr/5.4.0/../../../../avr/lib/avr51\libc.a(strnlen_P.o)
 .bss           0x00000000        0x0 c:/program files (x86)/atmel/studio/7.0/toolchain/avr8/avr8-gnu-toolchain/bin/../lib/gcc/avr/5.4.0/../../../../avr/lib/avr51\libc.a(strnlen_P.o)
 .text          0x00000000        0x0 c:/program files (x86)/atmel/studio/7.0/toolchain/avr8/avr8-gnu-toolchain/bin/../lib/gcc/avr/5.4.0/../../../../avr/lib/avr51\libc.a(strnlen.o)
 .data          0x00000000        0x0 c:/program files (x86)/atmel/studio/7.0/toolchain/avr8/avr8-gnu-toolchain/bin/../lib/gcc/avr/5.4.0/../../../../avr/lib/avr51\libc.a(strnlen.o)
 .bss           0x00000000        0x0 c:/program files (x86)/atmel/studio/7.0/toolchain/avr8/avr8-gnu-toolchain/bin/../lib/gcc/avr/5.4.0/../../../../avr/lib/avr51\libc.a(strnlen.o)
 .text          0x00000000        0x0 c:/program files (x86)/atmel/studio/7.0/toolchain/avr8/avr8-gnu-toolchain/bin/../lib/gcc/avr/5.4.0/../../../../avr/lib/avr51\libc.a(fgetc.o)
 .data          0x00000000        0x0 c:/program files (x86)/atmel/studio/7.0/toolchain/avr8/avr8-gnu-toolchain/bin/../lib/gcc/avr/5.4.0/../../../../avr/lib/avr51\libc.a(fgetc.o)
 .bss           0x00000000        0x0 c:/program files (x86)/atmel/studio/7.0/toolchain/avr8/avr8-gnu-toolchain/bin/../lib/gcc/avr/5.4.0/../../../../avr/lib/avr51\libc.a(fgetc.o)
 .text          0x00000000        0x0 c:/program files (x86)/atmel/studio/7.0/toolchain/avr8/avr8-gnu-toolchain/bin/../lib/gcc/avr/5.4.0/../../../../avr/lib/avr51\libc.a(fputc.o)
 .data          0x00000000        0x0 c:/program files (x86)/atmel/studio/7.0/toolchain/avr8/avr8-gnu-toolchain/bin/../lib/gcc/avr/5.4.0/../../../../avr/lib/avr51\libc.a(fputc.o)
 .bss           0x00000000        0x0 c:/program files (x86)/atmel/studio/7.0/toolchain/avr8/avr8-gnu-toolchain/bin/../lib/gcc/avr/5.4.0/../../../../avr/lib/avr51\libc.a(fputc.o)
 .text          0x00000000        0x0 c:/program files (x86)/atmel/studio/7.0/toolchain/avr8/avr8-gnu-toolchain/bin/../lib/gcc/avr/5.4.0/../../../../avr/lib/avr51\libc.a(iob.o)
 .data          0x00000000        0x0 c:/program files (x86)/atmel/studio/7.0/toolchain/avr8/avr8-gnu-toolchain/bin/../lib/gcc/avr/5.4.0/../../../../avr/lib/avr51\libc.a(iob.o)
 .bss           0x00000000        0x0 c:/program files (x86)/atmel/studio/7.0/toolchain/avr8/avr8-gnu-toolchain/bin/../lib/gcc/avr/5.4.0/../../../../avr/lib/avr51\libc.a(iob.o)
 .text          0x00000000        0x0 c:/program files (x86)/atmel/studio/7.0/toolchain/avr8/avr8-gnu-toolchain/bin/../lib/gcc/avr/5.4.0/../../../../avr/lib/avr51\libc.a(puts.o)
 .data          0x00000000        0x0 c:/program files (x86)/atmel/studio/7.0/toolchain/avr8/avr8-gnu-toolchain/bin/../lib/gcc/avr/5.4.0/../../../../avr/lib/avr51\libc.a(puts.o)
 .bss           0x00000000        0x0 c:/program files (x86)/atmel/studio/7.0/toolchain/avr8/avr8-gnu-toolchain/bin/../lib/gcc/avr/5.4.0/../../../../avr/lib/avr51\libc.a(puts.o)
 .text          0x00000000        0x0 c:/program files (x86)/atmel/studio/7.0/toolchain/avr8/avr8-gnu-toolchain/bin/../lib/gcc/avr/5.4.0/../../../../avr/lib/avr51\libc.a(ungetc.o)
 .data          0x00000000        0x0 c:/program files (x86)/atmel/studio/7.0/toolchain/avr8/avr8-gnu-toolchain/bin/../lib/gcc/avr/5.4.0/../../../../avr/lib/avr51\libc.a(ungetc.o)
 .bss           0x00000000        0x0 c:/program files (x86)/atmel/studio/7.0/toolchain/avr8/avr8-gnu-toolchain/bin/../lib/gcc/avr/5.4.0/../../../../avr/lib/avr51\libc.a(ungetc.o)
 .text          0x00000000        0x0 c:/program files (x86)/atmel/studio/7.0/toolchain/avr8/avr8-gnu-toolchain/bin/../lib/gcc/avr/5.4.0/../../../../avr/lib/avr51\libc.a(ultoa_invert.o)
 .data          0x00000000        0x0 c:/program files (x86)/atmel/studio/7.0/toolchain/avr8/avr8-gnu-toolchain/bin/../lib/gcc/avr/5.4.0/../../../../avr/lib/avr51\libc.a(ultoa_invert.o)
 .bss           0x00000000        0x0 c:/program files (x86)/atmel/studio/7.0/toolchain/avr8/avr8-gnu-toolchain/bin/../lib/gcc/avr/5.4.0/../../../../avr/lib/avr51\libc.a(ultoa_invert.o)
 .text          0x00000000        0x0 c:/program files (x86)/atmel/studio/7.0/toolchain/avr8/avr8-gnu-toolchain/bin/../lib/gcc/avr/5.4.0/../../../../avr/lib/avr51\libc.a(cty_isfalse.o)
 .data          0x00000000        0x0 c:/program files (x86)/atmel/studio/7.0/toolchain/avr8/avr8-gnu-toolchain/bin/../lib/gcc/avr/5.4.0/../../../../avr/lib/avr51\libc.a(cty_isfalse.o)
 .bss           0x00000000        0x0 c:/program files (x86)/atmel/studio/7.0/toolchain/avr8/avr8-gnu-toolchain/bin/../lib/gcc/avr/5.4.0/../../../../avr/lib/avr51\libc.a(cty_isfalse.o)
 .text          0x00000000        0x0 C:/Program Files (x86)/Atmel/Studio/7.0/Packs/atmel/ATmega_DFP/1.3.300/gcc/dev/atmega128/avr51\libatmega128.a(eerd_block.o)
 .data          0x00000000        0x0 C:/Program Files (x86)/Atmel/Studio/7.0/Packs/atmel/ATmega_DFP/1.3.300/gcc/dev/atmega128/avr51\libatmega128.a(eerd_block.o)
 .bss           0x00000000        0x0 C:/Program Files (x86)/Atmel/Studio/7.0/Packs/atmel/ATmega_DFP/1.3.300/gcc/dev/atmega128/avr51\libatmega128.a(eerd_block.o)
 .text          0x00000000        0x0 C:/Program Files (x86)/Atmel/Studio/7.0/Packs/atmel/ATmega_DFP/1.3.300/gcc/dev/atmega128/avr51\libatmega128.a(eewr_block.o)
 .data          0x00000000        0x0 C:/Program Files (x86)/Atmel/Studio/7.0/Packs/atmel/ATmega_DFP/1.3.300/gcc/dev/atmega128/avr51\libatmega128.a(eewr_block.o)
 .bss           0x00000000        0x0 C:/Program Files (x86)/Atmel/Studio/7.0/Packs/atmel/ATmega_DFP/1.3.300/gcc/dev/atmega128/avr51\libatmega128.a(eewr_block.o)
 .text          0x00000000        0x0 C:/Program Files (x86)/Atmel/Studio/7.0/Packs/atmel/ATmega_DFP/1.3.300/gcc/dev/atmega128/avr51\libatmega128.a(eewr_byte.o)
 .data          0x00000000        0x0 C:/Program Files (x86)/Atmel/Studio/7.0/Packs/atmel/ATmega_DFP/1.3.300/gcc/dev/atmega128/avr51\libatmega128.a(eewr_byte.o)
 .bss           0x00000000        0x0 C:/Program Files (x86)/Atmel/Studio/7.0/Packs/atmel/ATmega_DFP/1.3.300/gcc/dev/atmega128/avr51\libatmega128.a(eewr_byte.o)

Memory Configuration

Name             Origin             Length             Attributes
text             0x00000000         0x00020000         xr
data             0x00800100         0x0000ff00         rw !x
eeprom           0x00810000         0x00010000         rw !x
fuse             0x00820000         0x00000003         rw !x
lock             0x00830000         0x00000400         rw !x
signature        0x00840000         0x00000400         rw !x
user_signatures  0x00850000         0x00000400         rw !x
*default*        0x00000000         0xffffffff

Linker script and memory map

Address of section .data set to 0x800100
LOAD C:/Program Files (x86)/Atmel/Studio/7.0/Packs/atmel/ATmega_DFP/1.3.300/gcc/dev/atmega128/avr51/crtatmega128.o
LOAD main.o
START GROUP
LOAD c:/program files (x86)/atmel/studio/7.0/toolchain/avr8/avr8-gnu-toolchain/bin/../lib/gcc/avr/5.4.0/../../../../avr/lib/avr51\libm.a
LOAD c:/program files (x86)/atmel/studio/7.0/toolchain/avr8/avr8-gnu-toolchain/bin/../lib/gcc/avr/5.4.0/../../../../avr/lib/avr51\libprintf_flt.a
LOAD c:/program files (x86)/atmel/studio/7.0/toolchain/avr8/avr8-gnu-toolchain/bin/../lib/gcc/avr/5.4.0/../../../../avr/lib/avr51\libscanf_flt.a
LOAD C:\Users\eastuser.STUDENT\Documents\Atmel Studio\7.0\GccApplication1\GccApplication1\libc4m.a
END GROUP
START GROUP
LOAD c:/program files (x86)/atmel/studio/7.0/toolchain/avr8/avr8-gnu-toolchain/bin/../lib/gcc/avr/5.4.0/avr51\libgcc.a
LOAD c:/program files (x86)/atmel/studio/7.0/toolchain/avr8/avr8-gnu-toolchain/bin/../lib/gcc/avr/5.4.0/../../../../avr/lib/avr51\libm.a
LOAD c:/program files (x86)/atmel/studio/7.0/toolchain/avr8/avr8-gnu-toolchain/bin/../lib/gcc/avr/5.4.0/../../../../avr/lib/avr51\libc.a
LOAD C:/Program Files (x86)/Atmel/Studio/7.0/Packs/atmel/ATmega_DFP/1.3.300/gcc/dev/atmega128/avr51\libatmega128.a
END GROUP
                0x00000000                __TEXT_REGION_ORIGIN__ = DEFINED (__TEXT_REGION_ORIGIN__)?__TEXT_REGION_ORIGIN__:0x0
                0x00800100                __DATA_REGION_ORIGIN__ = DEFINED (__DATA_REGION_ORIGIN__)?__DATA_REGION_ORIGIN__:0x800100
                0x00020000                __TEXT_REGION_LENGTH__ = DEFINED (__TEXT_REGION_LENGTH__)?__TEXT_REGION_LENGTH__:0x20000
                0x0000ff00                __DATA_REGION_LENGTH__ = DEFINED (__DATA_REGION_LENGTH__)?__DATA_REGION_LENGTH__:0xff00
                0x00010000                __EEPROM_REGION_LENGTH__ = DEFINED (__EEPROM_REGION_LENGTH__)?__EEPROM_REGION_LENGTH__:0x10000
                [0x00000003]                __FUSE_REGION_LENGTH__ = DEFINED (__FUSE_REGION_LENGTH__)?__FUSE_REGION_LENGTH__:0x400
                0x00000400                __LOCK_REGION_LENGTH__ = DEFINED (__LOCK_REGION_LENGTH__)?__LOCK_REGION_LENGTH__:0x400
                0x00000400                __SIGNATURE_REGION_LENGTH__ = DEFINED (__SIGNATURE_REGION_LENGTH__)?__SIGNATURE_REGION_LENGTH__:0x400
                0x00000400                __USER_SIGNATURE_REGION_LENGTH__ = DEFINED (__USER_SIGNATURE_REGION_LENGTH__)?__USER_SIGNATURE_REGION_LENGTH__:0x400

.hash
 *(.hash)

.dynsym
 *(.dynsym)

.dynstr
 *(.dynstr)

.gnu.version
 *(.gnu.version)

.gnu.version_d
 *(.gnu.version_d)

.gnu.version_r
 *(.gnu.version_r)

.rel.init
 *(.rel.init)

.rela.init
 *(.rela.init)

.rel.text
 *(.rel.text)
 *(.rel.text.*)
 *(.rel.gnu.linkonce.t*)

.rela.text
 *(.rela.text)
 *(.rela.text.*)
 *(.rela.gnu.linkonce.t*)

.rel.fini
 *(.rel.fini)

.rela.fini
 *(.rela.fini)

.rel.rodata
 *(.rel.rodata)
 *(.rel.rodata.*)
 *(.rel.gnu.linkonce.r*)

.rela.rodata
 *(.rela.rodata)
 *(.rela.rodata.*)
 *(.rela.gnu.linkonce.r*)

.rel.data
 *(.rel.data)
 *(.rel.data.*)
 *(.rel.gnu.linkonce.d*)

.rela.data
 *(.rela.data)
 *(.rela.data.*)
 *(.rela.gnu.linkonce.d*)

.rel.ctors
 *(.rel.ctors)

.rela.ctors
 *(.rela.ctors)

.rel.dtors
 *(.rel.dtors)

.rela.dtors
 *(.rela.dtors)

.rel.got
 *(.rel.got)

.rela.got
 *(.rela.got)

.rel.bss
 *(.rel.bss)

.rela.bss
 *(.rela.bss)

.rel.plt
 *(.rel.plt)

.rela.plt
 *(.rela.plt)

.text           0x00000000     0x32ca
 *(.vectors)
 .vectors       0x00000000       0x8c C:/Program Files (x86)/Atmel/Studio/7.0/Packs/atmel/ATmega_DFP/1.3.300/gcc/dev/atmega128/avr51/crtatmega128.o
                0x00000000                __vector_default
                0x00000000                __vectors
 *(.vectors)
 *(.progmem.gcc*)
                0x0000008c                . = ALIGN (0x2)
                0x0000008c                __trampolines_start = .
 *(.trampolines)
 .trampolines   0x0000008c        0x0 linker stubs
 *(.trampolines*)
                0x0000008c                __trampolines_end = .
 *libprintf_flt.a:*(.progmem.data)
 .progmem.data  0x0000008c        0x8 c:/program files (x86)/atmel/studio/7.0/toolchain/avr8/avr8-gnu-toolchain/bin/../lib/gcc/avr/5.4.0/../../../../avr/lib/avr51\libprintf_flt.a(vfprintf_flt.o)
 *libc.a:*(.progmem.data)
 .progmem.data  0x00000094       0xfa c:/program files (x86)/atmel/studio/7.0/toolchain/avr8/avr8-gnu-toolchain/bin/../lib/gcc/avr/5.4.0/../../../../avr/lib/avr51\libc.a(ftoa_engine.o)
 *(.progmem*)
 .progmem.data  0x0000018e       0x4d c:/program files (x86)/atmel/studio/7.0/toolchain/avr8/avr8-gnu-toolchain/bin/../lib/gcc/avr/5.4.0/../../../../avr/lib/avr51\libscanf_flt.a(vfscanf_flt.o)
 .progmem.data  0x000001db       0x80 C:\Users\eastuser.STUDENT\Documents\Atmel Studio\7.0\GccApplication1\GccApplication1\libc4m.a(7s00.o)
                0x0000025c                . = ALIGN (0x2)
 *fill*         0x0000025b        0x1 
 *(.jumptables)
 *(.jumptables*)
 *(.lowtext)
 *(.lowtext*)
                0x0000025c                __ctors_start = .
 *(.ctors)
                0x0000025c                __ctors_end = .
                0x0000025c                __dtors_start = .
 *(.dtors)
                0x0000025c                __dtors_end = .
 SORT(*)(.ctors)
 SORT(*)(.dtors)
 *(.init0)
 .init0         0x0000025c        0x0 C:/Program Files (x86)/Atmel/Studio/7.0/Packs/atmel/ATmega_DFP/1.3.300/gcc/dev/atmega128/avr51/crtatmega128.o
                0x0000025c                __init
 *(.init0)
 *(.init1)
 *(.init1)
 *(.init2)
 .init2         0x0000025c        0xc C:/Program Files (x86)/Atmel/Studio/7.0/Packs/atmel/ATmega_DFP/1.3.300/gcc/dev/atmega128/avr51/crtatmega128.o
 *(.init2)
 *(.init3)
 *(.init3)
 *(.init4)
 .init4         0x00000268       0x1a c:/program files (x86)/atmel/studio/7.0/toolchain/avr8/avr8-gnu-toolchain/bin/../lib/gcc/avr/5.4.0/avr51\libgcc.a(_copy_data.o)
                0x00000268                __do_copy_data
 .init4         0x00000282       0x10 c:/program files (x86)/atmel/studio/7.0/toolchain/avr8/avr8-gnu-toolchain/bin/../lib/gcc/avr/5.4.0/avr51\libgcc.a(_clear_bss.o)
                0x00000282                __do_clear_bss
 *(.init4)
 *(.init5)
 *(.init5)
 *(.init6)
 *(.init6)
 *(.init7)
 *(.init7)
 *(.init8)
 *(.init8)
 *(.init9)
 .init9         0x00000292        0x8 C:/Program Files (x86)/Atmel/Studio/7.0/Packs/atmel/ATmega_DFP/1.3.300/gcc/dev/atmega128/avr51/crtatmega128.o
 *(.init9)
 *(.text)
 .text          0x0000029a      0xae6 C:\Users\eastuser.STUDENT\Documents\Atmel Studio\7.0\GccApplication1\GccApplication1\libc4m.a(isr.o)
                0x0000029a                USE_C4MLIB_INTERRUPT
                0x0000029c                INT0_vect_routine1
                0x0000029c                __INT0_vect_routine1
                0x0000029e                INT0_vect_routine
                0x0000029e                __INT0_vect_routine
                0x000002a0                __vector_1
                0x000002ee                __INT1_vect_routine1
                0x000002ee                INT1_vect_routine1
                0x000002f0                __INT1_vect_routine
                0x000002f0                INT1_vect_routine
                0x000002f2                __vector_2
                0x00000340                INT2_vect_routine1
                0x00000340                __INT2_vect_routine1
                0x00000342                INT2_vect_routine
                0x00000342                __INT2_vect_routine
                0x00000344                __vector_3
                0x00000392                __INT3_vect_routine1
                0x00000392                INT3_vect_routine1
                0x00000394                __INT3_vect_routine
                0x00000394                INT3_vect_routine
                0x00000396                __vector_4
                0x000003e4                INT4_vect_routine1
                0x000003e4                __INT4_vect_routine1
                0x000003e6                __INT4_vect_routine
                0x000003e6                INT4_vect_routine
                0x000003e8                __vector_5
                0x00000436                __INT5_vect_routine1
                0x00000436                INT5_vect_routine1
                0x00000438                __INT5_vect_routine
                0x00000438                INT5_vect_routine
                0x0000043a                __vector_6
                0x00000488                INT6_vect_routine1
                0x00000488                __INT6_vect_routine1
                0x0000048a                INT6_vect_routine
                0x0000048a                __INT6_vect_routine
                0x0000048c                __vector_7
                0x000004da                __INT7_vect_routine1
                0x000004da                INT7_vect_routine1
                0x000004dc                INT7_vect_routine
                0x000004dc                __INT7_vect_routine
                0x000004de                __vector_8
                0x0000052c                TIMER2_COMP_vect_routine1
                0x0000052c                __TIMER2_COMP_vect_routine1
                0x0000052e                TIMER2_COMP_vect_routine
                0x0000052e                __TIMER2_COMP_vect_routine
                0x00000530                __vector_9
                0x0000057e                TIMER2_OVF_vect_routine1
                0x0000057e                __TIMER2_OVF_vect_routine1
                0x00000580                __TIMER2_OVF_vect_routine
                0x00000580                TIMER2_OVF_vect_routine
                0x00000582                __vector_10
                0x000005d0                __TIMER1_CAPT_vect_routine1
                0x000005d0                TIMER1_CAPT_vect_routine1
                0x000005d2                __TIMER1_CAPT_vect_routine
                0x000005d2                TIMER1_CAPT_vect_routine
                0x000005d4                __vector_11
                0x00000622                TIMER1_COMPA_vect_routine1
                0x00000622                __TIMER1_COMPA_vect_routine1
                0x00000624                __TIMER1_COMPA_vect_routine
                0x00000624                TIMER1_COMPA_vect_routine
                0x00000626                __vector_12
                0x00000674                __TIMER1_COMPB_vect_routine1
                0x00000674                TIMER1_COMPB_vect_routine1
                0x00000676                __TIMER1_COMPB_vect_routine
                0x00000676                TIMER1_COMPB_vect_routine
                0x00000678                __vector_13
                0x000006c6                TIMER1_OVF_vect_routine1
                0x000006c6                __TIMER1_OVF_vect_routine1
                0x000006c8                TIMER1_OVF_vect_routine
                0x000006c8                __TIMER1_OVF_vect_routine
                0x000006ca                __vector_14
                0x00000718                TIMER0_COMP_vect_routine1
                0x00000718                __TIMER0_COMP_vect_routine1
                0x0000071a                TIMER0_COMP_vect_routine
                0x0000071a                __TIMER0_COMP_vect_routine
                0x0000071c                __vector_15
                0x0000076a                TIMER0_OVF_vect_routine1
                0x0000076a                __TIMER0_OVF_vect_routine1
                0x0000076c                TIMER0_OVF_vect_routine
                0x0000076c                __TIMER0_OVF_vect_routine
                0x0000076e                __vector_16
                0x000007bc                SPI_STC_vect_routine1
                0x000007bc                __SPI_STC_vect_routine1
                0x000007be                SPI_STC_vect_routine
                0x000007be                __SPI_STC_vect_routine
                0x000007c0                __vector_17
                0x0000080e                __USART0_RX_vect_routine1
                0x0000080e                USART0_RX_vect_routine1
                0x00000810                USART0_RX_vect_routine
                0x00000810                __USART0_RX_vect_routine
                0x00000812                __vector_18
                0x00000860                USART0_UDRE_vect_routine1
                0x00000860                __USART0_UDRE_vect_routine1
                0x00000862                USART0_UDRE_vect_routine
                0x00000862                __USART0_UDRE_vect_routine
                0x00000864                __vector_19
                0x000008b2                __USART0_TX_vect_routine1
                0x000008b2                USART0_TX_vect_routine1
                0x000008b4                __USART0_TX_vect_routine
                0x000008b4                USART0_TX_vect_routine
                0x000008b6                __vector_20
                0x00000904                ADC_vect_routine1
                0x00000904                __ADC_vect_routine1
                0x00000906                __ADC_vect_routine
                0x00000906                ADC_vect_routine
                0x00000908                __vector_21
                0x00000956                __EE_READY_vect_routine1
                0x00000956                EE_READY_vect_routine1
                0x00000958                __EE_READY_vect_routine
                0x00000958                EE_READY_vect_routine
                0x0000095a                __vector_22
                0x000009a8                ANALOG_COMP_vect_routine1
                0x000009a8                __ANALOG_COMP_vect_routine1
                0x000009aa                ANALOG_COMP_vect_routine
                0x000009aa                __ANALOG_COMP_vect_routine
                0x000009ac                __vector_23
                0x000009fa                __TIMER1_COMPC_vect_routine1
                0x000009fa                TIMER1_COMPC_vect_routine1
                0x000009fc                __TIMER1_COMPC_vect_routine
                0x000009fc                TIMER1_COMPC_vect_routine
                0x000009fe                __vector_24
                0x00000a4c                __TIMER3_CAPT_vect_routine1
                0x00000a4c                TIMER3_CAPT_vect_routine1
                0x00000a4e                TIMER3_CAPT_vect_routine
                0x00000a4e                __TIMER3_CAPT_vect_routine
                0x00000a50                __vector_25
                0x00000a9e                __TIMER3_COMPA_vect_routine1
                0x00000a9e                TIMER3_COMPA_vect_routine1
                0x00000aa0                TIMER3_COMPA_vect_routine
                0x00000aa0                __TIMER3_COMPA_vect_routine
                0x00000aa2                __vector_26
                0x00000af0                TIMER3_COMPB_vect_routine1
                0x00000af0                __TIMER3_COMPB_vect_routine1
                0x00000af2                __TIMER3_COMPB_vect_routine
                0x00000af2                TIMER3_COMPB_vect_routine
                0x00000af4                __vector_27
                0x00000b42                TIMER3_COMPC_vect_routine1
                0x00000b42                __TIMER3_COMPC_vect_routine1
                0x00000b44                __TIMER3_COMPC_vect_routine
                0x00000b44                TIMER3_COMPC_vect_routine
                0x00000b46                __vector_28
                0x00000b94                TIMER3_OVF_vect_routine1
                0x00000b94                __TIMER3_OVF_vect_routine1
                0x00000b96                TIMER3_OVF_vect_routine
                0x00000b96                __TIMER3_OVF_vect_routine
                0x00000b98                __vector_29
                0x00000be6                USART1_RX_vect_routine1
                0x00000be6                __USART1_RX_vect_routine1
                0x00000be8                __USART1_RX_vect_routine
                0x00000be8                USART1_RX_vect_routine
                0x00000bea                __vector_30
                0x00000c38                __USART1_UDRE_vect_routine1
                0x00000c38                USART1_UDRE_vect_routine1
                0x00000c3a                __USART1_UDRE_vect_routine
                0x00000c3a                USART1_UDRE_vect_routine
                0x00000c3c                __vector_31
                0x00000c8a                USART1_TX_vect_routine1
                0x00000c8a                __USART1_TX_vect_routine1
                0x00000c8c                USART1_TX_vect_routine
                0x00000c8c                __USART1_TX_vect_routine
                0x00000c8e                __vector_32
                0x00000cdc                TWI_vect_routine1
                0x00000cdc                __TWI_vect_routine1
                0x00000cde                __TWI_vect_routine
                0x00000cde                TWI_vect_routine
                0x00000ce0                __vector_33
                0x00000d2e                SPM_READY_vect_routine1
                0x00000d2e                __SPM_READY_vect_routine1
                0x00000d30                __SPM_READY_vect_routine
                0x00000d30                SPM_READY_vect_routine
                0x00000d32                __vector_34
 .text          0x00000d80       0x8a C:\Users\eastuser.STUDENT\Documents\Atmel Studio\7.0\GccApplication1\GccApplication1\libc4m.a(device.o)
                0x00000d80                C4M_DEVICE_set
 .text          0x00000e0a       0x4e C:\Users\eastuser.STUDENT\Documents\Atmel Studio\7.0\GccApplication1\GccApplication1\libc4m.a(stdio.o)
                0x00000e2e                C4M_STDIO_init
 .text          0x00000e58       0x80 C:\Users\eastuser.STUDENT\Documents\Atmel Studio\7.0\GccApplication1\GccApplication1\libc4m.a(asabus.o)
                0x00000e58                ASABUS_ID_set
                0x00000e6e                ASABUS_ID_init
                0x00000e76                ASABUS_SPI_init
                0x00000e92                ASABUS_SPI_swap
                0x00000e9c                ASABUS_UART_init
                0x00000ebc                ASABUS_UART_transmit
                0x00000eca                ASABUS_UART_receive
 .text          0x00000ed8      0x284 C:\Users\eastuser.STUDENT\Documents\Atmel Studio\7.0\GccApplication1\GccApplication1\libc4m.a(exfunc.o)
                0x00000ed8                TWIMNewMode_net
                0x00000ef0                UARTMNewMode_net
                0x00000f08                SPIMNewMode_net
                0x00000f20                SeiralPortMNewMode_reg
                0x00000f90                ExFunc_trm
                0x00000ffe                ExFunc_rec
                0x0000106c                ExFunc_ftm
                0x000010e4                ExFunc_frc
 .text          0x0000115c      0x2f6 C:\Users\eastuser.STUDENT\Documents\Atmel Studio\7.0\GccApplication1\GccApplication1\libc4m.a(kb00.o)
                0x000011a6                ASA_KB00_set
                0x000011fc                ASA_KB00_get
                0x00001286                ASA_KB00_ftm
                0x00001300                ASA_KB00_frc
                0x00001360                ASA_KB00_rec
                0x000013f6                ASA_KB00_trm
 .text          0x00001452      0x2b2 C:\Users\eastuser.STUDENT\Documents\Atmel Studio\7.0\GccApplication1\GccApplication1\libc4m.a(7s00.o)
                0x00001562                ASA_7S00_set
                0x000015d0                ASA_7S00_put
                0x00001682                ASA_7S00_get
                0x000016d8                ASA_7s00_trm
                0x000016e4                ASA_7s00_rec
                0x000016e8                ASA_7S00_frc
                0x000016ec                ASA_7S00_ftm
 .text          0x00001704       0x7a C:\Users\eastuser.STUDENT\Documents\Atmel Studio\7.0\GccApplication1\GccApplication1\libc4m.a(stp00.o)
                0x00001704                ASA_STP00_trm
                0x00001772                ASA_STP00_rec
                0x00001776                ASA_STP00_frc
                0x0000177a                ASA_STP00_ftm
 .text          0x0000177e      0x2f8 C:\Users\eastuser.STUDENT\Documents\Atmel Studio\7.0\GccApplication1\GccApplication1\libc4m.a(hal_spi.o)
 .text          0x00001a76       0x20 C:\Users\eastuser.STUDENT\Documents\Atmel Studio\7.0\GccApplication1\GccApplication1\libc4m.a(eeprom.o)
                0x00001a76                EEPROM_set
                0x00001a86                EEPROM_get
 .text          0x00001a96      0x1d4 C:\Users\eastuser.STUDENT\Documents\Atmel Studio\7.0\GccApplication1\GccApplication1\libc4m.a(hal_time.o)
                0x00001a96                HAL_time_init
                0x00001aa8                HAL_get_time
                0x00001ad6                HAL_get_expired_time_us
                0x00001b42                HAL_get_expired_time_ms
                0x00001b96                HAL_timeout_test
                0x00001be6                HAL_delay
                0x00001c42                HAL_tick
                0x00001c6a                . = ALIGN (0x2)
 *(.text.*)
 .text.main     0x00001c6a       0x10 main.o
                0x00001c6a                main
 .text.avr-libc
                0x00001c7a      0x730 c:/program files (x86)/atmel/studio/7.0/toolchain/avr8/avr8-gnu-toolchain/bin/../lib/gcc/avr/5.4.0/../../../../avr/lib/avr51\libprintf_flt.a(vfprintf_flt.o)
                0x00001c7a                vfprintf
 .text.avr-libc
                0x000023aa      0x850 c:/program files (x86)/atmel/studio/7.0/toolchain/avr8/avr8-gnu-toolchain/bin/../lib/gcc/avr/5.4.0/../../../../avr/lib/avr51\libscanf_flt.a(vfscanf_flt.o)
                0x00002990                vfscanf
 .text.avr-libc.fplib
                0x00002bfa       0x7a c:/program files (x86)/atmel/studio/7.0/toolchain/avr8/avr8-gnu-toolchain/bin/../lib/gcc/avr/5.4.0/../../../../avr/lib/avr51\libm.a(floatsisf.o)
                0x00002bfa                __floatunsisf
                0x00002bfe                __floatsisf
 .text.avr-libc.fplib
                0x00002c74        0x4 c:/program files (x86)/atmel/studio/7.0/toolchain/avr8/avr8-gnu-toolchain/bin/../lib/gcc/avr/5.4.0/../../../../avr/lib/avr51\libm.a(mulsf3.o)
                0x00002c74                __mulsf3
 .text.avr-libc.fplib
                0x00002c78       0xc2 c:/program files (x86)/atmel/studio/7.0/toolchain/avr8/avr8-gnu-toolchain/bin/../lib/gcc/avr/5.4.0/../../../../avr/lib/avr51\libm.a(mulsf3x.o)
                0x00002c8c                __mulsf3x
                0x00002c90                __mulsf3_pse
 .text.avr-libc.fplib
                0x00002d3a        0xc c:/program files (x86)/atmel/studio/7.0/toolchain/avr8/avr8-gnu-toolchain/bin/../lib/gcc/avr/5.4.0/../../../../avr/lib/avr51\libm.a(fp_inf.o)
                0x00002d3a                __fp_inf
 .text.avr-libc.fplib
                0x00002d46        0x6 c:/program files (x86)/atmel/studio/7.0/toolchain/avr8/avr8-gnu-toolchain/bin/../lib/gcc/avr/5.4.0/../../../../avr/lib/avr51\libm.a(fp_nan.o)
                0x00002d46                __fp_nan
 .text.avr-libc.fplib
                0x00002d4c        0xe c:/program files (x86)/atmel/studio/7.0/toolchain/avr8/avr8-gnu-toolchain/bin/../lib/gcc/avr/5.4.0/../../../../avr/lib/avr51\libm.a(fp_pscA.o)
                0x00002d4c                __fp_pscA
 .text.avr-libc.fplib
                0x00002d5a        0xe c:/program files (x86)/atmel/studio/7.0/toolchain/avr8/avr8-gnu-toolchain/bin/../lib/gcc/avr/5.4.0/../../../../avr/lib/avr51\libm.a(fp_pscB.o)
                0x00002d5a                __fp_pscB
 .text.avr-libc.fplib
                0x00002d68       0x22 c:/program files (x86)/atmel/studio/7.0/toolchain/avr8/avr8-gnu-toolchain/bin/../lib/gcc/avr/5.4.0/../../../../avr/lib/avr51\libm.a(fp_round.o)
                0x00002d68                __fp_round
 .text.avr-libc.fplib
                0x00002d8a       0x44 c:/program files (x86)/atmel/studio/7.0/toolchain/avr8/avr8-gnu-toolchain/bin/../lib/gcc/avr/5.4.0/../../../../avr/lib/avr51\libm.a(fp_split3.o)
                0x00002d8a                __fp_split3
                0x00002d9a                __fp_splitA
 .text.avr-libc.fplib
                0x00002dce        0xe c:/program files (x86)/atmel/studio/7.0/toolchain/avr8/avr8-gnu-toolchain/bin/../lib/gcc/avr/5.4.0/../../../../avr/lib/avr51\libm.a(fp_zero.o)
                0x00002dce                __fp_zero
                0x00002dd0                __fp_szero
 .text.libgcc.div
                0x00002ddc       0x44 c:/program files (x86)/atmel/studio/7.0/toolchain/avr8/avr8-gnu-toolchain/bin/../lib/gcc/avr/5.4.0/avr51\libgcc.a(_udivmodsi4.o)
                0x00002ddc                __udivmodsi4
 .text.avr-libc
                0x00002e20      0x1b0 c:/program files (x86)/atmel/studio/7.0/toolchain/avr8/avr8-gnu-toolchain/bin/../lib/gcc/avr/5.4.0/../../../../avr/lib/avr51\libc.a(ftoa_engine.o)
                0x00002e20                __ftoa_engine
 .text.avr-libc
                0x00002fd0       0x10 c:/program files (x86)/atmel/studio/7.0/toolchain/avr8/avr8-gnu-toolchain/bin/../lib/gcc/avr/5.4.0/../../../../avr/lib/avr51\libc.a(isspace.o)
                0x00002fd0                isspace
 .text.avr-libc
                0x00002fe0       0x10 c:/program files (x86)/atmel/studio/7.0/toolchain/avr8/avr8-gnu-toolchain/bin/../lib/gcc/avr/5.4.0/../../../../avr/lib/avr51\libc.a(tolower.o)
                0x00002fe0                tolower
 .text.avr-libc
                0x00002ff0       0x16 c:/program files (x86)/atmel/studio/7.0/toolchain/avr8/avr8-gnu-toolchain/bin/../lib/gcc/avr/5.4.0/../../../../avr/lib/avr51\libc.a(strchr_P.o)
                0x00002ff0                strchr_P
 .text.avr-libc
                0x00003006       0x16 c:/program files (x86)/atmel/studio/7.0/toolchain/avr8/avr8-gnu-toolchain/bin/../lib/gcc/avr/5.4.0/../../../../avr/lib/avr51\libc.a(strnlen_P.o)
                0x00003006                strnlen_P
 .text.avr-libc
                0x0000301c       0x16 c:/program files (x86)/atmel/studio/7.0/toolchain/avr8/avr8-gnu-toolchain/bin/../lib/gcc/avr/5.4.0/../../../../avr/lib/avr51\libc.a(strnlen.o)
                0x0000301c                strnlen
 .text.avr-libc
                0x00003032       0x7c c:/program files (x86)/atmel/studio/7.0/toolchain/avr8/avr8-gnu-toolchain/bin/../lib/gcc/avr/5.4.0/../../../../avr/lib/avr51\libc.a(fgetc.o)
                0x00003032                fgetc
 .text.avr-libc
                0x000030ae       0x78 c:/program files (x86)/atmel/studio/7.0/toolchain/avr8/avr8-gnu-toolchain/bin/../lib/gcc/avr/5.4.0/../../../../avr/lib/avr51\libc.a(fputc.o)
                0x000030ae                fputc
 .text.avr-libc
                0x00003126       0x60 c:/program files (x86)/atmel/studio/7.0/toolchain/avr8/avr8-gnu-toolchain/bin/../lib/gcc/avr/5.4.0/../../../../avr/lib/avr51\libc.a(puts.o)
                0x00003126                puts
 .text.avr-libc
                0x00003186       0x32 c:/program files (x86)/atmel/studio/7.0/toolchain/avr8/avr8-gnu-toolchain/bin/../lib/gcc/avr/5.4.0/../../../../avr/lib/avr51\libc.a(ungetc.o)
                0x00003186                ungetc
 .text.avr-libc
                0x000031b8       0xbc c:/program files (x86)/atmel/studio/7.0/toolchain/avr8/avr8-gnu-toolchain/bin/../lib/gcc/avr/5.4.0/../../../../avr/lib/avr51\libc.a(ultoa_invert.o)
                0x000031b8                __ultoa_invert
 .text.avr-libc
                0x00003274        0x6 c:/program files (x86)/atmel/studio/7.0/toolchain/avr8/avr8-gnu-toolchain/bin/../lib/gcc/avr/5.4.0/../../../../avr/lib/avr51\libc.a(cty_isfalse.o)
                0x00003274                __ctype_isfalse
                0x00003278                __ctype_istrue
 .text.avr-libc
                0x0000327a       0x20 C:/Program Files (x86)/Atmel/Studio/7.0/Packs/atmel/ATmega_DFP/1.3.300/gcc/dev/atmega128/avr51\libatmega128.a(eerd_block.o)
                0x0000327a                eeprom_read_block
                0x0000327e                eeprom_read_blraw
 .text.avr-libc
                0x0000329a       0x12 C:/Program Files (x86)/Atmel/Studio/7.0/Packs/atmel/ATmega_DFP/1.3.300/gcc/dev/atmega128/avr51\libatmega128.a(eewr_block.o)
                0x0000329a                eeprom_write_block
 .text.avr-libc
                0x000032ac       0x1a C:/Program Files (x86)/Atmel/Studio/7.0/Packs/atmel/ATmega_DFP/1.3.300/gcc/dev/atmega128/avr51\libatmega128.a(eewr_byte.o)
                0x000032ac                eeprom_write_byte
                0x000032ae                eeprom_write_r18
                0x000032c6                . = ALIGN (0x2)
 *(.fini9)
 .fini9         0x000032c6        0x0 c:/program files (x86)/atmel/studio/7.0/toolchain/avr8/avr8-gnu-toolchain/bin/../lib/gcc/avr/5.4.0/avr51\libgcc.a(_exit.o)
                0x000032c6                _exit
                0x000032c6                exit
 *(.fini9)
 *(.fini8)
 *(.fini8)
 *(.fini7)
 *(.fini7)
 *(.fini6)
 *(.fini6)
 *(.fini5)
 *(.fini5)
 *(.fini4)
 *(.fini4)
 *(.fini3)
 *(.fini3)
 *(.fini2)
 *(.fini2)
 *(.fini1)
 *(.fini1)
 *(.fini0)
 .fini0         0x000032c6        0x4 c:/program files (x86)/atmel/studio/7.0/toolchain/avr8/avr8-gnu-toolchain/bin/../lib/gcc/avr/5.4.0/avr51\libgcc.a(_exit.o)
 *(.fini0)
                0x000032ca                _etext = .

.data           0x00800100       0x4a load address 0x000032ca
                0x00800100                PROVIDE (__data_start, .)
 *(.data)
 .data          0x00800100       0x11 C:\Users\eastuser.STUDENT\Documents\Atmel Studio\7.0\GccApplication1\GccApplication1\libc4m.a(device.o)
                0x00800100                ASA_KB00_str
 .data          0x00800111        0xe C:\Users\eastuser.STUDENT\Documents\Atmel Studio\7.0\GccApplication1\GccApplication1\libc4m.a(stdio.o)
 .data          0x0080011f       0x20 C:\Users\eastuser.STUDENT\Documents\Atmel Studio\7.0\GccApplication1\GccApplication1\libc4m.a(hal_spi.o)
                0x0080011f                SPI_SlaveInst
                0x0080012a                SPI_MasterInst
 *(.data*)
 *(.gnu.linkonce.d*)
 *(.rodata)
 *(.rodata*)
 .rodata.str1.1
                0x0080013f        0xa main.o
 *(.gnu.linkonce.r*)
                0x0080014a                . = ALIGN (0x2)
 *fill*         0x00800149        0x1 
                0x0080014a                _edata = .
                0x0080014a                PROVIDE (__data_end, .)

.bss            0x0080014a       0x59
                0x0080014a                PROVIDE (__bss_start, .)
 *(.bss)
 .bss           0x0080014a        0x9 C:\Users\eastuser.STUDENT\Documents\Atmel Studio\7.0\GccApplication1\GccApplication1\libc4m.a(device.o)
                0x0080014a                ASA_7S00_str
 .bss           0x00800153        0x6 C:\Users\eastuser.STUDENT\Documents\Atmel Studio\7.0\GccApplication1\GccApplication1\libc4m.a(exfunc.o)
                0x00800153                ASATWIExfuncIsrStr
                0x00800155                ASASPIExfuncIsrStr
                0x00800157                ASAUARTExfuncIsrStr
 *(.bss*)
 *(COMMON)
 COMMON         0x00800159       0x40 C:\Users\eastuser.STUDENT\Documents\Atmel Studio\7.0\GccApplication1\GccApplication1\libc4m.a(device.o)
                0x00800159                SPI_NewMode_st
                0x0080016e                ASAConfigStr_inst
                0x0080016f                UART_NewMode_st
                0x00800184                TWI_NewMode_st
 COMMON         0x00800199        0x4 C:\Users\eastuser.STUDENT\Documents\Atmel Studio\7.0\GccApplication1\GccApplication1\libc4m.a(hal_time.o)
                0x00800199                HAL_time_global
 COMMON         0x0080019d        0x6 c:/program files (x86)/atmel/studio/7.0/toolchain/avr8/avr8-gnu-toolchain/bin/../lib/gcc/avr/5.4.0/../../../../avr/lib/avr51\libc.a(iob.o)
                0x0080019d                __iob
                0x008001a3                PROVIDE (__bss_end, .)
                0x000032ca                __data_load_start = LOADADDR (.data)
                0x00003314                __data_load_end = (__data_load_start + SIZEOF (.data))

.noinit         0x008001a3        0x0
                [!provide]                PROVIDE (__noinit_start, .)
 *(.noinit*)
                [!provide]                PROVIDE (__noinit_end, .)
                0x008001a3                _end = .
                [!provide]                PROVIDE (__heap_start, .)

.eeprom         0x00810000        0x0
 *(.eeprom*)
                0x00810000                __eeprom_end = .

.fuse
 *(.fuse)
 *(.lfuse)
 *(.hfuse)
 *(.efuse)

.lock
 *(.lock*)

.signature
 *(.signature*)

.user_signatures
 *(.user_signatures*)

.stab
 *(.stab)

.stabstr
 *(.stabstr)

.stab.excl
 *(.stab.excl)

.stab.exclstr
 *(.stab.exclstr)

.stab.index
 *(.stab.index)

.stab.indexstr
 *(.stab.indexstr)

.comment        0x00000000       0x6d
 *(.comment)
 .comment       0x00000000       0x30 main.o
                                 0x31 (size before relaxing)
 .comment       0x00000030       0x2c c:/program files (x86)/atmel/studio/7.0/toolchain/avr8/avr8-gnu-toolchain/bin/../lib/gcc/avr/5.4.0/../../../../avr/lib/avr51\libprintf_flt.a(vfprintf_flt.o)
                                 0x2d (size before relaxing)
 .comment       0x0000005c       0x2d c:/program files (x86)/atmel/studio/7.0/toolchain/avr8/avr8-gnu-toolchain/bin/../lib/gcc/avr/5.4.0/../../../../avr/lib/avr51\libscanf_flt.a(vfscanf_flt.o)
 .comment       0x0000005c       0x11 C:\Users\eastuser.STUDENT\Documents\Atmel Studio\7.0\GccApplication1\GccApplication1\libc4m.a(isr.o)
                                 0x12 (size before relaxing)
 .comment       0x0000006d       0x12 C:\Users\eastuser.STUDENT\Documents\Atmel Studio\7.0\GccApplication1\GccApplication1\libc4m.a(device.o)
 .comment       0x0000006d       0x12 C:\Users\eastuser.STUDENT\Documents\Atmel Studio\7.0\GccApplication1\GccApplication1\libc4m.a(stdio.o)
 .comment       0x0000006d       0x12 C:\Users\eastuser.STUDENT\Documents\Atmel Studio\7.0\GccApplication1\GccApplication1\libc4m.a(asabus.o)
 .comment       0x0000006d       0x12 C:\Users\eastuser.STUDENT\Documents\Atmel Studio\7.0\GccApplication1\GccApplication1\libc4m.a(exfunc.o)
 .comment       0x0000006d       0x12 C:\Users\eastuser.STUDENT\Documents\Atmel Studio\7.0\GccApplication1\GccApplication1\libc4m.a(kb00.o)
 .comment       0x0000006d       0x12 C:\Users\eastuser.STUDENT\Documents\Atmel Studio\7.0\GccApplication1\GccApplication1\libc4m.a(7s00.o)
 .comment       0x0000006d       0x12 C:\Users\eastuser.STUDENT\Documents\Atmel Studio\7.0\GccApplication1\GccApplication1\libc4m.a(stp00.o)
 .comment       0x0000006d       0x12 C:\Users\eastuser.STUDENT\Documents\Atmel Studio\7.0\GccApplication1\GccApplication1\libc4m.a(hal_spi.o)
 .comment       0x0000006d       0x12 C:\Users\eastuser.STUDENT\Documents\Atmel Studio\7.0\GccApplication1\GccApplication1\libc4m.a(eeprom.o)
 .comment       0x0000006d       0x12 C:\Users\eastuser.STUDENT\Documents\Atmel Studio\7.0\GccApplication1\GccApplication1\libc4m.a(hal_time.o)
 .comment       0x0000006d       0x31 c:/program files (x86)/atmel/studio/7.0/toolchain/avr8/avr8-gnu-toolchain/bin/../lib/gcc/avr/5.4.0/../../../../avr/lib/avr51\libc.a(fgetc.o)
 .comment       0x0000006d       0x31 c:/program files (x86)/atmel/studio/7.0/toolchain/avr8/avr8-gnu-toolchain/bin/../lib/gcc/avr/5.4.0/../../../../avr/lib/avr51\libc.a(fputc.o)
 .comment       0x0000006d       0x31 c:/program files (x86)/atmel/studio/7.0/toolchain/avr8/avr8-gnu-toolchain/bin/../lib/gcc/avr/5.4.0/../../../../avr/lib/avr51\libc.a(iob.o)
 .comment       0x0000006d       0x31 c:/program files (x86)/atmel/studio/7.0/toolchain/avr8/avr8-gnu-toolchain/bin/../lib/gcc/avr/5.4.0/../../../../avr/lib/avr51\libc.a(puts.o)
 .comment       0x0000006d       0x31 c:/program files (x86)/atmel/studio/7.0/toolchain/avr8/avr8-gnu-toolchain/bin/../lib/gcc/avr/5.4.0/../../../../avr/lib/avr51\libc.a(ungetc.o)

.note.gnu.avr.deviceinfo
                0x00000000       0x3c
 .note.gnu.avr.deviceinfo
                0x00000000       0x3c C:/Program Files (x86)/Atmel/Studio/7.0/Packs/atmel/ATmega_DFP/1.3.300/gcc/dev/atmega128/avr51/crtatmega128.o

.note.gnu.build-id
 *(.note.gnu.build-id)

.debug
 *(.debug)

.line
 *(.line)

.debug_srcinfo
 *(.debug_srcinfo)

.debug_sfnames
 *(.debug_sfnames)

.debug_aranges  0x00000000      0x1e0
 *(.debug_aranges)
 .debug_aranges
                0x00000000       0x20 main.o
 .debug_aranges
                0x00000020       0x20 C:\Users\eastuser.STUDENT\Documents\Atmel Studio\7.0\GccApplication1\GccApplication1\libc4m.a(isr.o)
 .debug_aranges
                0x00000040       0x20 C:\Users\eastuser.STUDENT\Documents\Atmel Studio\7.0\GccApplication1\GccApplication1\libc4m.a(device.o)
 .debug_aranges
                0x00000060       0x20 C:\Users\eastuser.STUDENT\Documents\Atmel Studio\7.0\GccApplication1\GccApplication1\libc4m.a(stdio.o)
 .debug_aranges
                0x00000080       0x20 C:\Users\eastuser.STUDENT\Documents\Atmel Studio\7.0\GccApplication1\GccApplication1\libc4m.a(asabus.o)
 .debug_aranges
                0x000000a0       0x20 C:\Users\eastuser.STUDENT\Documents\Atmel Studio\7.0\GccApplication1\GccApplication1\libc4m.a(exfunc.o)
 .debug_aranges
                0x000000c0       0x20 C:\Users\eastuser.STUDENT\Documents\Atmel Studio\7.0\GccApplication1\GccApplication1\libc4m.a(kb00.o)
 .debug_aranges
                0x000000e0       0x20 C:\Users\eastuser.STUDENT\Documents\Atmel Studio\7.0\GccApplication1\GccApplication1\libc4m.a(7s00.o)
 .debug_aranges
                0x00000100       0x20 C:\Users\eastuser.STUDENT\Documents\Atmel Studio\7.0\GccApplication1\GccApplication1\libc4m.a(stp00.o)
 .debug_aranges
                0x00000120       0x20 C:\Users\eastuser.STUDENT\Documents\Atmel Studio\7.0\GccApplication1\GccApplication1\libc4m.a(hal_spi.o)
 .debug_aranges
                0x00000140       0x20 C:\Users\eastuser.STUDENT\Documents\Atmel Studio\7.0\GccApplication1\GccApplication1\libc4m.a(eeprom.o)
 .debug_aranges
                0x00000160       0x20 C:\Users\eastuser.STUDENT\Documents\Atmel Studio\7.0\GccApplication1\GccApplication1\libc4m.a(hal_time.o)
 .debug_aranges
                0x00000180       0x20 C:/Program Files (x86)/Atmel/Studio/7.0/Packs/atmel/ATmega_DFP/1.3.300/gcc/dev/atmega128/avr51\libatmega128.a(eerd_block.o)
 .debug_aranges
                0x000001a0       0x20 C:/Program Files (x86)/Atmel/Studio/7.0/Packs/atmel/ATmega_DFP/1.3.300/gcc/dev/atmega128/avr51\libatmega128.a(eewr_block.o)
 .debug_aranges
                0x000001c0       0x20 C:/Program Files (x86)/Atmel/Studio/7.0/Packs/atmel/ATmega_DFP/1.3.300/gcc/dev/atmega128/avr51\libatmega128.a(eewr_byte.o)

.debug_pubnames
 *(.debug_pubnames)

.debug_info     0x00000000     0x53f8
 *(.debug_info .gnu.linkonce.wi.*)
 .debug_info    0x00000000      0x780 C:/Program Files (x86)/Atmel/Studio/7.0/Packs/atmel/ATmega_DFP/1.3.300/gcc/dev/atmega128/avr51/crtatmega128.o
 .debug_info    0x00000780      0x1d0 main.o
 .debug_info    0x00000950      0xaa6 C:\Users\eastuser.STUDENT\Documents\Atmel Studio\7.0\GccApplication1\GccApplication1\libc4m.a(isr.o)
 .debug_info    0x000013f6      0x883 C:\Users\eastuser.STUDENT\Documents\Atmel Studio\7.0\GccApplication1\GccApplication1\libc4m.a(device.o)
 .debug_info    0x00001c79      0x246 C:\Users\eastuser.STUDENT\Documents\Atmel Studio\7.0\GccApplication1\GccApplication1\libc4m.a(stdio.o)
 .debug_info    0x00001ebf      0x440 C:\Users\eastuser.STUDENT\Documents\Atmel Studio\7.0\GccApplication1\GccApplication1\libc4m.a(asabus.o)
 .debug_info    0x000022ff      0x67b C:\Users\eastuser.STUDENT\Documents\Atmel Studio\7.0\GccApplication1\GccApplication1\libc4m.a(exfunc.o)
 .debug_info    0x0000297a      0x979 C:\Users\eastuser.STUDENT\Documents\Atmel Studio\7.0\GccApplication1\GccApplication1\libc4m.a(kb00.o)
 .debug_info    0x000032f3      0xd38 C:\Users\eastuser.STUDENT\Documents\Atmel Studio\7.0\GccApplication1\GccApplication1\libc4m.a(7s00.o)
 .debug_info    0x0000402b      0x6c4 C:\Users\eastuser.STUDENT\Documents\Atmel Studio\7.0\GccApplication1\GccApplication1\libc4m.a(stp00.o)
 .debug_info    0x000046ef      0x798 C:\Users\eastuser.STUDENT\Documents\Atmel Studio\7.0\GccApplication1\GccApplication1\libc4m.a(hal_spi.o)
 .debug_info    0x00004e87      0x16d C:\Users\eastuser.STUDENT\Documents\Atmel Studio\7.0\GccApplication1\GccApplication1\libc4m.a(eeprom.o)
 .debug_info    0x00004ff4      0x234 C:\Users\eastuser.STUDENT\Documents\Atmel Studio\7.0\GccApplication1\GccApplication1\libc4m.a(hal_time.o)
 .debug_info    0x00005228       0x9b C:/Program Files (x86)/Atmel/Studio/7.0/Packs/atmel/ATmega_DFP/1.3.300/gcc/dev/atmega128/avr51\libatmega128.a(eerd_block.o)
 .debug_info    0x000052c3       0x9b C:/Program Files (x86)/Atmel/Studio/7.0/Packs/atmel/ATmega_DFP/1.3.300/gcc/dev/atmega128/avr51\libatmega128.a(eewr_block.o)
 .debug_info    0x0000535e       0x9a C:/Program Files (x86)/Atmel/Studio/7.0/Packs/atmel/ATmega_DFP/1.3.300/gcc/dev/atmega128/avr51\libatmega128.a(eewr_byte.o)

.debug_abbrev   0x00000000     0x1ae2
 *(.debug_abbrev)
 .debug_abbrev  0x00000000      0x718 C:/Program Files (x86)/Atmel/Studio/7.0/Packs/atmel/ATmega_DFP/1.3.300/gcc/dev/atmega128/avr51/crtatmega128.o
 .debug_abbrev  0x00000718      0x101 main.o
 .debug_abbrev  0x00000819       0xea C:\Users\eastuser.STUDENT\Documents\Atmel Studio\7.0\GccApplication1\GccApplication1\libc4m.a(isr.o)
 .debug_abbrev  0x00000903      0x18e C:\Users\eastuser.STUDENT\Documents\Atmel Studio\7.0\GccApplication1\GccApplication1\libc4m.a(device.o)
 .debug_abbrev  0x00000a91      0x1a7 C:\Users\eastuser.STUDENT\Documents\Atmel Studio\7.0\GccApplication1\GccApplication1\libc4m.a(stdio.o)
 .debug_abbrev  0x00000c38      0x163 C:\Users\eastuser.STUDENT\Documents\Atmel Studio\7.0\GccApplication1\GccApplication1\libc4m.a(asabus.o)
 .debug_abbrev  0x00000d9b      0x179 C:\Users\eastuser.STUDENT\Documents\Atmel Studio\7.0\GccApplication1\GccApplication1\libc4m.a(exfunc.o)
 .debug_abbrev  0x00000f14      0x274 C:\Users\eastuser.STUDENT\Documents\Atmel Studio\7.0\GccApplication1\GccApplication1\libc4m.a(kb00.o)
 .debug_abbrev  0x00001188      0x2fa C:\Users\eastuser.STUDENT\Documents\Atmel Studio\7.0\GccApplication1\GccApplication1\libc4m.a(7s00.o)
 .debug_abbrev  0x00001482      0x247 C:\Users\eastuser.STUDENT\Documents\Atmel Studio\7.0\GccApplication1\GccApplication1\libc4m.a(stp00.o)
 .debug_abbrev  0x000016c9      0x1df C:\Users\eastuser.STUDENT\Documents\Atmel Studio\7.0\GccApplication1\GccApplication1\libc4m.a(hal_spi.o)
 .debug_abbrev  0x000018a8       0x9e C:\Users\eastuser.STUDENT\Documents\Atmel Studio\7.0\GccApplication1\GccApplication1\libc4m.a(eeprom.o)
 .debug_abbrev  0x00001946      0x160 C:\Users\eastuser.STUDENT\Documents\Atmel Studio\7.0\GccApplication1\GccApplication1\libc4m.a(hal_time.o)
 .debug_abbrev  0x00001aa6       0x14 C:/Program Files (x86)/Atmel/Studio/7.0/Packs/atmel/ATmega_DFP/1.3.300/gcc/dev/atmega128/avr51\libatmega128.a(eerd_block.o)
 .debug_abbrev  0x00001aba       0x14 C:/Program Files (x86)/Atmel/Studio/7.0/Packs/atmel/ATmega_DFP/1.3.300/gcc/dev/atmega128/avr51\libatmega128.a(eewr_block.o)
 .debug_abbrev  0x00001ace       0x14 C:/Program Files (x86)/Atmel/Studio/7.0/Packs/atmel/ATmega_DFP/1.3.300/gcc/dev/atmega128/avr51\libatmega128.a(eewr_byte.o)

.debug_line     0x00000000     0x3420
 *(.debug_line .debug_line.* .debug_line_end)
 .debug_line    0x00000000      0x169 C:/Program Files (x86)/Atmel/Studio/7.0/Packs/atmel/ATmega_DFP/1.3.300/gcc/dev/atmega128/avr51/crtatmega128.o
 .debug_line    0x00000169       0xc7 main.o
 .debug_line    0x00000230      0x5eb C:\Users\eastuser.STUDENT\Documents\Atmel Studio\7.0\GccApplication1\GccApplication1\libc4m.a(isr.o)
 .debug_line    0x0000081b      0x1cd C:\Users\eastuser.STUDENT\Documents\Atmel Studio\7.0\GccApplication1\GccApplication1\libc4m.a(device.o)
 .debug_line    0x000009e8      0x1b8 C:\Users\eastuser.STUDENT\Documents\Atmel Studio\7.0\GccApplication1\GccApplication1\libc4m.a(stdio.o)
 .debug_line    0x00000ba0      0x29e C:\Users\eastuser.STUDENT\Documents\Atmel Studio\7.0\GccApplication1\GccApplication1\libc4m.a(asabus.o)
 .debug_line    0x00000e3e      0x615 C:\Users\eastuser.STUDENT\Documents\Atmel Studio\7.0\GccApplication1\GccApplication1\libc4m.a(exfunc.o)
 .debug_line    0x00001453      0x90a C:\Users\eastuser.STUDENT\Documents\Atmel Studio\7.0\GccApplication1\GccApplication1\libc4m.a(kb00.o)
 .debug_line    0x00001d5d      0x87e C:\Users\eastuser.STUDENT\Documents\Atmel Studio\7.0\GccApplication1\GccApplication1\libc4m.a(7s00.o)
 .debug_line    0x000025db      0x2c0 C:\Users\eastuser.STUDENT\Documents\Atmel Studio\7.0\GccApplication1\GccApplication1\libc4m.a(stp00.o)
 .debug_line    0x0000289b      0x664 C:\Users\eastuser.STUDENT\Documents\Atmel Studio\7.0\GccApplication1\GccApplication1\libc4m.a(hal_spi.o)
 .debug_line    0x00002eff      0x103 C:\Users\eastuser.STUDENT\Documents\Atmel Studio\7.0\GccApplication1\GccApplication1\libc4m.a(eeprom.o)
 .debug_line    0x00003002      0x25b C:\Users\eastuser.STUDENT\Documents\Atmel Studio\7.0\GccApplication1\GccApplication1\libc4m.a(hal_time.o)
 .debug_line    0x0000325d       0xab C:/Program Files (x86)/Atmel/Studio/7.0/Packs/atmel/ATmega_DFP/1.3.300/gcc/dev/atmega128/avr51\libatmega128.a(eerd_block.o)
 .debug_line    0x00003308       0x80 C:/Program Files (x86)/Atmel/Studio/7.0/Packs/atmel/ATmega_DFP/1.3.300/gcc/dev/atmega128/avr51\libatmega128.a(eewr_block.o)
 .debug_line    0x00003388       0x98 C:/Program Files (x86)/Atmel/Studio/7.0/Packs/atmel/ATmega_DFP/1.3.300/gcc/dev/atmega128/avr51\libatmega128.a(eewr_byte.o)

.debug_frame    0x00000000     0x17e8
 *(.debug_frame)
 .debug_frame   0x00000000       0x24 main.o
 .debug_frame   0x00000024     0x1014 C:\Users\eastuser.STUDENT\Documents\Atmel Studio\7.0\GccApplication1\GccApplication1\libc4m.a(isr.o)
 .debug_frame   0x00001038       0x38 C:\Users\eastuser.STUDENT\Documents\Atmel Studio\7.0\GccApplication1\GccApplication1\libc4m.a(device.o)
 .debug_frame   0x00001070       0x4c C:\Users\eastuser.STUDENT\Documents\Atmel Studio\7.0\GccApplication1\GccApplication1\libc4m.a(stdio.o)
 .debug_frame   0x000010bc       0x84 C:\Users\eastuser.STUDENT\Documents\Atmel Studio\7.0\GccApplication1\GccApplication1\libc4m.a(asabus.o)
 .debug_frame   0x00001140      0x124 C:\Users\eastuser.STUDENT\Documents\Atmel Studio\7.0\GccApplication1\GccApplication1\libc4m.a(exfunc.o)
 .debug_frame   0x00001264      0x138 C:\Users\eastuser.STUDENT\Documents\Atmel Studio\7.0\GccApplication1\GccApplication1\libc4m.a(kb00.o)
 .debug_frame   0x0000139c      0x144 C:\Users\eastuser.STUDENT\Documents\Atmel Studio\7.0\GccApplication1\GccApplication1\libc4m.a(7s00.o)
 .debug_frame   0x000014e0       0x64 C:\Users\eastuser.STUDENT\Documents\Atmel Studio\7.0\GccApplication1\GccApplication1\libc4m.a(stp00.o)
 .debug_frame   0x00001544      0x170 C:\Users\eastuser.STUDENT\Documents\Atmel Studio\7.0\GccApplication1\GccApplication1\libc4m.a(hal_spi.o)
 .debug_frame   0x000016b4       0x34 C:\Users\eastuser.STUDENT\Documents\Atmel Studio\7.0\GccApplication1\GccApplication1\libc4m.a(eeprom.o)
 .debug_frame   0x000016e8      0x100 C:\Users\eastuser.STUDENT\Documents\Atmel Studio\7.0\GccApplication1\GccApplication1\libc4m.a(hal_time.o)

.debug_str      0x00000000     0x172a
 *(.debug_str)
 .debug_str     0x00000000      0x27d C:/Program Files (x86)/Atmel/Studio/7.0/Packs/atmel/ATmega_DFP/1.3.300/gcc/dev/atmega128/avr51/crtatmega128.o
 .debug_str     0x0000027d      0x1fe main.o
                                0x244 (size before relaxing)
 .debug_str     0x0000047b      0x90b C:\Users\eastuser.STUDENT\Documents\Atmel Studio\7.0\GccApplication1\GccApplication1\libc4m.a(isr.o)
                                0x972 (size before relaxing)
 .debug_str     0x00000d86      0x31a C:\Users\eastuser.STUDENT\Documents\Atmel Studio\7.0\GccApplication1\GccApplication1\libc4m.a(device.o)
                                0x497 (size before relaxing)
 .debug_str     0x000010a0       0x7b C:\Users\eastuser.STUDENT\Documents\Atmel Studio\7.0\GccApplication1\GccApplication1\libc4m.a(stdio.o)
                                0x1b0 (size before relaxing)
 .debug_str     0x0000111b       0x81 C:\Users\eastuser.STUDENT\Documents\Atmel Studio\7.0\GccApplication1\GccApplication1\libc4m.a(asabus.o)
                                0x2dc (size before relaxing)
 .debug_str     0x0000119c       0xc1 C:\Users\eastuser.STUDENT\Documents\Atmel Studio\7.0\GccApplication1\GccApplication1\libc4m.a(exfunc.o)
                                0x2fe (size before relaxing)
 .debug_str     0x0000125d       0xf5 C:\Users\eastuser.STUDENT\Documents\Atmel Studio\7.0\GccApplication1\GccApplication1\libc4m.a(kb00.o)
                                0x37f (size before relaxing)
 .debug_str     0x00001352       0xea C:\Users\eastuser.STUDENT\Documents\Atmel Studio\7.0\GccApplication1\GccApplication1\libc4m.a(7s00.o)
                                0x3ae (size before relaxing)
 .debug_str     0x0000143c       0x82 C:\Users\eastuser.STUDENT\Documents\Atmel Studio\7.0\GccApplication1\GccApplication1\libc4m.a(stp00.o)
                                0x328 (size before relaxing)
 .debug_str     0x000014be      0x170 C:\Users\eastuser.STUDENT\Documents\Atmel Studio\7.0\GccApplication1\GccApplication1\libc4m.a(hal_spi.o)
                                0x3eb (size before relaxing)
 .debug_str     0x0000162e       0x45 C:\Users\eastuser.STUDENT\Documents\Atmel Studio\7.0\GccApplication1\GccApplication1\libc4m.a(eeprom.o)
                                0x18e (size before relaxing)
 .debug_str     0x00001673       0xb7 C:\Users\eastuser.STUDENT\Documents\Atmel Studio\7.0\GccApplication1\GccApplication1\libc4m.a(hal_time.o)
                                0x208 (size before relaxing)

.debug_loc      0x00000000     0x4f9d
 *(.debug_loc)
 .debug_loc     0x00000000     0x1af6 C:\Users\eastuser.STUDENT\Documents\Atmel Studio\7.0\GccApplication1\GccApplication1\libc4m.a(isr.o)
 .debug_loc     0x00001af6       0x49 C:\Users\eastuser.STUDENT\Documents\Atmel Studio\7.0\GccApplication1\GccApplication1\libc4m.a(device.o)
 .debug_loc     0x00001b3f       0xc0 C:\Users\eastuser.STUDENT\Documents\Atmel Studio\7.0\GccApplication1\GccApplication1\libc4m.a(stdio.o)
 .debug_loc     0x00001bff       0x5d C:\Users\eastuser.STUDENT\Documents\Atmel Studio\7.0\GccApplication1\GccApplication1\libc4m.a(asabus.o)
 .debug_loc     0x00001c5c      0xcc6 C:\Users\eastuser.STUDENT\Documents\Atmel Studio\7.0\GccApplication1\GccApplication1\libc4m.a(exfunc.o)
 .debug_loc     0x00002922      0xe53 C:\Users\eastuser.STUDENT\Documents\Atmel Studio\7.0\GccApplication1\GccApplication1\libc4m.a(kb00.o)
 .debug_loc     0x00003775      0xd85 C:\Users\eastuser.STUDENT\Documents\Atmel Studio\7.0\GccApplication1\GccApplication1\libc4m.a(7s00.o)
 .debug_loc     0x000044fa      0x28c C:\Users\eastuser.STUDENT\Documents\Atmel Studio\7.0\GccApplication1\GccApplication1\libc4m.a(stp00.o)
 .debug_loc     0x00004786      0x464 C:\Users\eastuser.STUDENT\Documents\Atmel Studio\7.0\GccApplication1\GccApplication1\libc4m.a(hal_spi.o)
 .debug_loc     0x00004bea      0x130 C:\Users\eastuser.STUDENT\Documents\Atmel Studio\7.0\GccApplication1\GccApplication1\libc4m.a(eeprom.o)
 .debug_loc     0x00004d1a      0x283 C:\Users\eastuser.STUDENT\Documents\Atmel Studio\7.0\GccApplication1\GccApplication1\libc4m.a(hal_time.o)

.debug_macinfo
 *(.debug_macinfo)

.debug_weaknames
 *(.debug_weaknames)

.debug_funcnames
 *(.debug_funcnames)

.debug_typenames
 *(.debug_typenames)

.debug_varnames
 *(.debug_varnames)

.debug_pubtypes
 *(.debug_pubtypes)

.debug_ranges   0x00000000       0x88
 *(.debug_ranges)
 .debug_ranges  0x00000000       0x10 main.o
 .debug_ranges  0x00000010       0x18 C:\Users\eastuser.STUDENT\Documents\Atmel Studio\7.0\GccApplication1\GccApplication1\libc4m.a(kb00.o)
 .debug_ranges  0x00000028       0x18 C:\Users\eastuser.STUDENT\Documents\Atmel Studio\7.0\GccApplication1\GccApplication1\libc4m.a(7s00.o)
 .debug_ranges  0x00000040       0x48 C:\Users\eastuser.STUDENT\Documents\Atmel Studio\7.0\GccApplication1\GccApplication1\libc4m.a(hal_spi.o)

.debug_macro
 *(.debug_macro)
OUTPUT(GccApplication1.elf elf32-avr)
LOAD linker stubs
